Archive member included because of file (symbol)

d:/courses/avr/tools/imt_sdk_win_64/winavr/bin/../lib/gcc/avr/4.3.3/avr5\libgcc.a(_exit.o)
                              d:/courses/avr/tools/imt_sdk_win_64/winavr/bin/../lib/gcc/avr/4.3.3/../../../../avr/lib/avr5/crtm32.o (exit)
d:/courses/avr/tools/imt_sdk_win_64/winavr/bin/../lib/gcc/avr/4.3.3/avr5\libgcc.a(_copy_data.o)
                              ./MCAL/EXTI/EXTI_config.o (__do_copy_data)
d:/courses/avr/tools/imt_sdk_win_64/winavr/bin/../lib/gcc/avr/4.3.3/avr5\libgcc.a(_clear_bss.o)
                              ./MCAL/TIMER1/TIMER1_prog.o (__do_clear_bss)
d:/courses/avr/tools/imt_sdk_win_64/winavr/bin/../lib/gcc/avr/4.3.3/avr5\libgcc.a(_fixunssfsi.o)
                              ./MCAL/TIMER0/TIMER0_prog.o (__fixunssfsi)
d:/courses/avr/tools/imt_sdk_win_64/winavr/bin/../lib/gcc/avr/4.3.3/avr5\libgcc.a(_addsub_sf.o)
                              ./MCAL/TIMER0/TIMER0_prog.o (__subsf3)
d:/courses/avr/tools/imt_sdk_win_64/winavr/bin/../lib/gcc/avr/4.3.3/avr5\libgcc.a(_mul_sf.o)
                              ./MCAL/TIMER1/TIMER1_prog.o (__mulsf3)
d:/courses/avr/tools/imt_sdk_win_64/winavr/bin/../lib/gcc/avr/4.3.3/avr5\libgcc.a(_div_sf.o)
                              ./MCAL/TIMER1/TIMER1_prog.o (__divsf3)
d:/courses/avr/tools/imt_sdk_win_64/winavr/bin/../lib/gcc/avr/4.3.3/avr5\libgcc.a(_ne_sf.o)
                              ./MCAL/TIMER0/TIMER0_prog.o (__nesf2)
d:/courses/avr/tools/imt_sdk_win_64/winavr/bin/../lib/gcc/avr/4.3.3/avr5\libgcc.a(_gt_sf.o)
                              ./HAL/LCD/LCD_prog.o (__gtsf2)
d:/courses/avr/tools/imt_sdk_win_64/winavr/bin/../lib/gcc/avr/4.3.3/avr5\libgcc.a(_ge_sf.o)
                              d:/courses/avr/tools/imt_sdk_win_64/winavr/bin/../lib/gcc/avr/4.3.3/avr5\libgcc.a(_fixunssfsi.o) (__gesf2)
d:/courses/avr/tools/imt_sdk_win_64/winavr/bin/../lib/gcc/avr/4.3.3/avr5\libgcc.a(_lt_sf.o)
                              ./HAL/LCD/LCD_prog.o (__ltsf2)
d:/courses/avr/tools/imt_sdk_win_64/winavr/bin/../lib/gcc/avr/4.3.3/avr5\libgcc.a(_sf_to_si.o)
                              ./HAL/LCD/LCD_prog.o (__fixsfsi)
d:/courses/avr/tools/imt_sdk_win_64/winavr/bin/../lib/gcc/avr/4.3.3/avr5\libgcc.a(_thenan_sf.o)
                              d:/courses/avr/tools/imt_sdk_win_64/winavr/bin/../lib/gcc/avr/4.3.3/avr5\libgcc.a(_addsub_sf.o) (__thenan_sf)
d:/courses/avr/tools/imt_sdk_win_64/winavr/bin/../lib/gcc/avr/4.3.3/avr5\libgcc.a(_usi_to_sf.o)
                              ./MCAL/TIMER1/TIMER1_prog.o (__floatunsisf)
d:/courses/avr/tools/imt_sdk_win_64/winavr/bin/../lib/gcc/avr/4.3.3/avr5\libgcc.a(_prologue.o)
                              d:/courses/avr/tools/imt_sdk_win_64/winavr/bin/../lib/gcc/avr/4.3.3/avr5\libgcc.a(_addsub_sf.o) (__prologue_saves__)
d:/courses/avr/tools/imt_sdk_win_64/winavr/bin/../lib/gcc/avr/4.3.3/avr5\libgcc.a(_epilogue.o)
                              d:/courses/avr/tools/imt_sdk_win_64/winavr/bin/../lib/gcc/avr/4.3.3/avr5\libgcc.a(_addsub_sf.o) (__epilogue_restores__)
d:/courses/avr/tools/imt_sdk_win_64/winavr/bin/../lib/gcc/avr/4.3.3/avr5\libgcc.a(_clzsi2.o)
                              d:/courses/avr/tools/imt_sdk_win_64/winavr/bin/../lib/gcc/avr/4.3.3/avr5\libgcc.a(_usi_to_sf.o) (__clzsi2)
d:/courses/avr/tools/imt_sdk_win_64/winavr/bin/../lib/gcc/avr/4.3.3/avr5\libgcc.a(_pack_sf.o)
                              d:/courses/avr/tools/imt_sdk_win_64/winavr/bin/../lib/gcc/avr/4.3.3/avr5\libgcc.a(_addsub_sf.o) (__pack_f)
d:/courses/avr/tools/imt_sdk_win_64/winavr/bin/../lib/gcc/avr/4.3.3/avr5\libgcc.a(_unpack_sf.o)
                              d:/courses/avr/tools/imt_sdk_win_64/winavr/bin/../lib/gcc/avr/4.3.3/avr5\libgcc.a(_addsub_sf.o) (__unpack_f)
d:/courses/avr/tools/imt_sdk_win_64/winavr/bin/../lib/gcc/avr/4.3.3/avr5\libgcc.a(_fpcmp_parts_sf.o)
                              d:/courses/avr/tools/imt_sdk_win_64/winavr/bin/../lib/gcc/avr/4.3.3/avr5\libgcc.a(_ne_sf.o) (__fpcmp_parts_f)
d:/courses/avr/tools/imt_sdk_win_64/winavr/bin/../lib/gcc/avr/4.3.3/avr5\libgcc.a(_clz.o)
                              d:/courses/avr/tools/imt_sdk_win_64/winavr/bin/../lib/gcc/avr/4.3.3/avr5\libgcc.a(_clzsi2.o) (__clz_tab)
d:/courses/avr/tools/imt_sdk_win_64/winavr/bin/../lib/gcc/avr/4.3.3/../../../../avr/lib/avr5\libc.a(sprintf.o)
                              ./HAL/LCD/LCD_prog.o (sprintf)
d:/courses/avr/tools/imt_sdk_win_64/winavr/bin/../lib/gcc/avr/4.3.3/../../../../avr/lib/avr5\libc.a(vfprintf_std.o)
                              d:/courses/avr/tools/imt_sdk_win_64/winavr/bin/../lib/gcc/avr/4.3.3/../../../../avr/lib/avr5\libc.a(sprintf.o) (vfprintf)
d:/courses/avr/tools/imt_sdk_win_64/winavr/bin/../lib/gcc/avr/4.3.3/../../../../avr/lib/avr5\libc.a(strnlen_P.o)
                              d:/courses/avr/tools/imt_sdk_win_64/winavr/bin/../lib/gcc/avr/4.3.3/../../../../avr/lib/avr5\libc.a(vfprintf_std.o) (strnlen_P)
d:/courses/avr/tools/imt_sdk_win_64/winavr/bin/../lib/gcc/avr/4.3.3/../../../../avr/lib/avr5\libc.a(strnlen.o)
                              d:/courses/avr/tools/imt_sdk_win_64/winavr/bin/../lib/gcc/avr/4.3.3/../../../../avr/lib/avr5\libc.a(vfprintf_std.o) (strnlen)
d:/courses/avr/tools/imt_sdk_win_64/winavr/bin/../lib/gcc/avr/4.3.3/../../../../avr/lib/avr5\libc.a(fputc.o)
                              d:/courses/avr/tools/imt_sdk_win_64/winavr/bin/../lib/gcc/avr/4.3.3/../../../../avr/lib/avr5\libc.a(vfprintf_std.o) (fputc)
d:/courses/avr/tools/imt_sdk_win_64/winavr/bin/../lib/gcc/avr/4.3.3/../../../../avr/lib/avr5\libc.a(ultoa_invert.o)
                              d:/courses/avr/tools/imt_sdk_win_64/winavr/bin/../lib/gcc/avr/4.3.3/../../../../avr/lib/avr5\libc.a(vfprintf_std.o) (__ultoa_invert)

Memory Configuration

Name             Origin             Length             Attributes
text             0x00000000         0x00020000         xr
data             0x00800060         0x0000ffa0         rw !x
eeprom           0x00810000         0x00010000         rw !x
fuse             0x00820000         0x00000400         rw !x
lock             0x00830000         0x00000400         rw !x
signature        0x00840000         0x00000400         rw !x
*default*        0x00000000         0xffffffff

Linker script and memory map

LOAD d:/courses/avr/tools/imt_sdk_win_64/winavr/bin/../lib/gcc/avr/4.3.3/../../../../avr/lib/avr5/crtm32.o
LOAD ./MCAL/USART/USART_prog.o
LOAD ./MCAL/TIMER1/TIMER1_prog.o
LOAD ./MCAL/TIMER0/TIMER0_prog.o
LOAD ./MCAL/SPI/SPI_prog.o
LOAD ./MCAL/I2C/I2C_Prog.o
LOAD ./MCAL/GIE/GIE_prog.o
LOAD ./MCAL/EXTI/EXTI_config.o
LOAD ./MCAL/EXTI/EXTI_prog.o
LOAD ./MCAL/DIO/DIO_prog.o
LOAD ./MCAL/ADC/ADC_prog.o
LOAD ./HAL/SWITCH/Switch_config.o
LOAD ./HAL/SWITCH/Switch_prog.o
LOAD ./HAL/SEVEN_SEG/Seven_Segment_config.o
LOAD ./HAL/SEVEN_SEG/Seven_Segment_prog.o
LOAD ./HAL/LED/LED_config.o
LOAD ./HAL/LED/LED_prog.o
LOAD ./HAL/LDR/LDR_Config.o
LOAD ./HAL/LDR/LDR_Prog.o
LOAD ./HAL/LCD/LCD_prog.o
LOAD ./HAL/KEYPAD/KEYPAD_prog.o
LOAD ./HAL/DC_MOTOR/DC_MOTOR_config.o
LOAD ./HAL/DC_MOTOR/DC_MOTOR_prog.o
LOAD ./HAL/BUZZER/BUZZER_config.o
LOAD ./HAL/BUZZER/BUZZER_prog.o
LOAD ./main.o
LOAD d:/courses/avr/tools/imt_sdk_win_64/winavr/bin/../lib/gcc/avr/4.3.3/avr5\libgcc.a
LOAD d:/courses/avr/tools/imt_sdk_win_64/winavr/bin/../lib/gcc/avr/4.3.3/../../../../avr/lib/avr5\libc.a
LOAD d:/courses/avr/tools/imt_sdk_win_64/winavr/bin/../lib/gcc/avr/4.3.3/avr5\libgcc.a

.hash
 *(.hash)

.dynsym
 *(.dynsym)

.dynstr
 *(.dynstr)

.gnu.version
 *(.gnu.version)

.gnu.version_d
 *(.gnu.version_d)

.gnu.version_r
 *(.gnu.version_r)

.rel.init
 *(.rel.init)

.rela.init
 *(.rela.init)

.rel.text
 *(.rel.text)
 *(.rel.text.*)
 *(.rel.gnu.linkonce.t*)

.rela.text
 *(.rela.text)
 *(.rela.text.*)
 *(.rela.gnu.linkonce.t*)

.rel.fini
 *(.rel.fini)

.rela.fini
 *(.rela.fini)

.rel.rodata
 *(.rel.rodata)
 *(.rel.rodata.*)
 *(.rel.gnu.linkonce.r*)

.rela.rodata
 *(.rela.rodata)
 *(.rela.rodata.*)
 *(.rela.gnu.linkonce.r*)

.rel.data
 *(.rel.data)
 *(.rel.data.*)
 *(.rel.gnu.linkonce.d*)

.rela.data
 *(.rela.data)
 *(.rela.data.*)
 *(.rela.gnu.linkonce.d*)

.rel.ctors
 *(.rel.ctors)

.rela.ctors
 *(.rela.ctors)

.rel.dtors
 *(.rel.dtors)

.rela.dtors
 *(.rela.dtors)

.rel.got
 *(.rel.got)

.rela.got
 *(.rela.got)

.rel.bss
 *(.rel.bss)

.rela.bss
 *(.rela.bss)

.rel.plt
 *(.rel.plt)

.rela.plt
 *(.rela.plt)

.text           0x00000000     0x825a
 *(.vectors)
 .vectors       0x00000000       0x54 d:/courses/avr/tools/imt_sdk_win_64/winavr/bin/../lib/gcc/avr/4.3.3/../../../../avr/lib/avr5/crtm32.o
                0x00000000                __vectors
                0x00000000                __vector_default
 *(.vectors)
 *(.progmem.gcc*)
 *(.progmem*)
                0x00000054                . = ALIGN (0x2)
                0x00000054                __trampolines_start = .
 *(.trampolines)
 .trampolines   0x00000054        0x0 linker stubs
 *(.trampolines*)
                0x00000054                __trampolines_end = .
 *(.jumptables)
 *(.jumptables*)
 *(.lowtext)
 *(.lowtext*)
                0x00000054                __ctors_start = .
 *(.ctors)
                0x00000054                __ctors_end = .
                0x00000054                __dtors_start = .
 *(.dtors)
                0x00000054                __dtors_end = .
 SORT(*)(.ctors)
 SORT(*)(.dtors)
 *(.init0)
 .init0         0x00000054        0x0 d:/courses/avr/tools/imt_sdk_win_64/winavr/bin/../lib/gcc/avr/4.3.3/../../../../avr/lib/avr5/crtm32.o
                0x00000054                __init
 *(.init0)
 *(.init1)
 *(.init1)
 *(.init2)
 .init2         0x00000054        0xc d:/courses/avr/tools/imt_sdk_win_64/winavr/bin/../lib/gcc/avr/4.3.3/../../../../avr/lib/avr5/crtm32.o
 *(.init2)
 *(.init3)
 *(.init3)
 *(.init4)
 .init4         0x00000060       0x16 d:/courses/avr/tools/imt_sdk_win_64/winavr/bin/../lib/gcc/avr/4.3.3/avr5\libgcc.a(_copy_data.o)
                0x00000060                __do_copy_data
 .init4         0x00000076       0x10 d:/courses/avr/tools/imt_sdk_win_64/winavr/bin/../lib/gcc/avr/4.3.3/avr5\libgcc.a(_clear_bss.o)
                0x00000076                __do_clear_bss
 *(.init4)
 *(.init5)
 *(.init5)
 *(.init6)
 *(.init6)
 *(.init7)
 *(.init7)
 *(.init8)
 *(.init8)
 *(.init9)
 .init9         0x00000086        0x8 d:/courses/avr/tools/imt_sdk_win_64/winavr/bin/../lib/gcc/avr/4.3.3/../../../../avr/lib/avr5/crtm32.o
 *(.init9)
 *(.text)
 .text          0x0000008e        0x4 d:/courses/avr/tools/imt_sdk_win_64/winavr/bin/../lib/gcc/avr/4.3.3/../../../../avr/lib/avr5/crtm32.o
                0x0000008e                __vector_12
                0x0000008e                __bad_interrupt
                0x0000008e                __vector_13
                0x0000008e                __vector_17
                0x0000008e                __vector_19
                0x0000008e                __vector_7
                0x0000008e                __vector_5
                0x0000008e                __vector_4
                0x0000008e                __vector_9
                0x0000008e                __vector_15
                0x0000008e                __vector_8
                0x0000008e                __vector_14
                0x0000008e                __vector_18
                0x0000008e                __vector_20
 .text          0x00000092        0x0 ./MCAL/USART/USART_prog.o
 .text          0x00000092        0x0 ./MCAL/TIMER1/TIMER1_prog.o
 .text          0x00000092        0x0 ./MCAL/TIMER0/TIMER0_prog.o
 .text          0x00000092        0x0 ./MCAL/SPI/SPI_prog.o
 .text          0x00000092        0x0 ./MCAL/I2C/I2C_Prog.o
 .text          0x00000092        0x0 ./MCAL/GIE/GIE_prog.o
 .text          0x00000092        0x0 ./MCAL/EXTI/EXTI_config.o
 .text          0x00000092        0x0 ./MCAL/EXTI/EXTI_prog.o
 .text          0x00000092        0x0 ./MCAL/DIO/DIO_prog.o
 .text          0x00000092        0x0 ./MCAL/ADC/ADC_prog.o
 .text          0x00000092        0x0 ./HAL/SWITCH/Switch_config.o
 .text          0x00000092        0x0 ./HAL/SWITCH/Switch_prog.o
 .text          0x00000092        0x0 ./HAL/SEVEN_SEG/Seven_Segment_config.o
 .text          0x00000092        0x0 ./HAL/SEVEN_SEG/Seven_Segment_prog.o
 .text          0x00000092        0x0 ./HAL/LED/LED_config.o
 .text          0x00000092        0x0 ./HAL/LED/LED_prog.o
 .text          0x00000092        0x0 ./HAL/LDR/LDR_Config.o
 .text          0x00000092        0x0 ./HAL/LDR/LDR_Prog.o
 .text          0x00000092        0x0 ./HAL/LCD/LCD_prog.o
 .text          0x00000092        0x0 ./HAL/KEYPAD/KEYPAD_prog.o
 .text          0x00000092        0x0 ./HAL/DC_MOTOR/DC_MOTOR_config.o
 .text          0x00000092        0x0 ./HAL/DC_MOTOR/DC_MOTOR_prog.o
 .text          0x00000092        0x0 ./HAL/BUZZER/BUZZER_config.o
 .text          0x00000092        0x0 ./HAL/BUZZER/BUZZER_prog.o
 .text          0x00000092        0x0 ./main.o
 .text          0x00000092        0x0 d:/courses/avr/tools/imt_sdk_win_64/winavr/bin/../lib/gcc/avr/4.3.3/avr5\libgcc.a(_exit.o)
 .text          0x00000092        0x0 d:/courses/avr/tools/imt_sdk_win_64/winavr/bin/../lib/gcc/avr/4.3.3/avr5\libgcc.a(_copy_data.o)
 .text          0x00000092        0x0 d:/courses/avr/tools/imt_sdk_win_64/winavr/bin/../lib/gcc/avr/4.3.3/avr5\libgcc.a(_clear_bss.o)
 .text          0x00000092       0x58 d:/courses/avr/tools/imt_sdk_win_64/winavr/bin/../lib/gcc/avr/4.3.3/avr5\libgcc.a(_fixunssfsi.o)
                0x00000092                __fixunssfsi
 .text          0x000000ea      0x354 d:/courses/avr/tools/imt_sdk_win_64/winavr/bin/../lib/gcc/avr/4.3.3/avr5\libgcc.a(_addsub_sf.o)
                0x00000382                __subsf3
                0x000003e4                __addsf3
 .text          0x0000043e      0x1f4 d:/courses/avr/tools/imt_sdk_win_64/winavr/bin/../lib/gcc/avr/4.3.3/avr5\libgcc.a(_mul_sf.o)
                0x0000043e                __mulsf3
 .text          0x00000632      0x158 d:/courses/avr/tools/imt_sdk_win_64/winavr/bin/../lib/gcc/avr/4.3.3/avr5\libgcc.a(_div_sf.o)
                0x00000632                __divsf3
 .text          0x0000078a       0x60 d:/courses/avr/tools/imt_sdk_win_64/winavr/bin/../lib/gcc/avr/4.3.3/avr5\libgcc.a(_ne_sf.o)
                0x0000078a                __nesf2
 .text          0x000007ea       0x60 d:/courses/avr/tools/imt_sdk_win_64/winavr/bin/../lib/gcc/avr/4.3.3/avr5\libgcc.a(_gt_sf.o)
                0x000007ea                __gtsf2
 .text          0x0000084a       0x60 d:/courses/avr/tools/imt_sdk_win_64/winavr/bin/../lib/gcc/avr/4.3.3/avr5\libgcc.a(_ge_sf.o)
                0x0000084a                __gesf2
 .text          0x000008aa       0x60 d:/courses/avr/tools/imt_sdk_win_64/winavr/bin/../lib/gcc/avr/4.3.3/avr5\libgcc.a(_lt_sf.o)
                0x000008aa                __ltsf2
 .text          0x0000090a       0xa8 d:/courses/avr/tools/imt_sdk_win_64/winavr/bin/../lib/gcc/avr/4.3.3/avr5\libgcc.a(_sf_to_si.o)
                0x0000090a                __fixsfsi
 .text          0x000009b2        0x0 d:/courses/avr/tools/imt_sdk_win_64/winavr/bin/../lib/gcc/avr/4.3.3/avr5\libgcc.a(_thenan_sf.o)
 .text          0x000009b2       0xf2 d:/courses/avr/tools/imt_sdk_win_64/winavr/bin/../lib/gcc/avr/4.3.3/avr5\libgcc.a(_usi_to_sf.o)
                0x000009b2                __floatunsisf
 .text          0x00000aa4        0x0 d:/courses/avr/tools/imt_sdk_win_64/winavr/bin/../lib/gcc/avr/4.3.3/avr5\libgcc.a(_prologue.o)
 .text          0x00000aa4        0x0 d:/courses/avr/tools/imt_sdk_win_64/winavr/bin/../lib/gcc/avr/4.3.3/avr5\libgcc.a(_epilogue.o)
 .text          0x00000aa4       0x9e d:/courses/avr/tools/imt_sdk_win_64/winavr/bin/../lib/gcc/avr/4.3.3/avr5\libgcc.a(_clzsi2.o)
                0x00000aa4                __clzsi2
 .text          0x00000b42      0x1aa d:/courses/avr/tools/imt_sdk_win_64/winavr/bin/../lib/gcc/avr/4.3.3/avr5\libgcc.a(_pack_sf.o)
                0x00000b42                __pack_f
 .text          0x00000cec       0xf0 d:/courses/avr/tools/imt_sdk_win_64/winavr/bin/../lib/gcc/avr/4.3.3/avr5\libgcc.a(_unpack_sf.o)
                0x00000cec                __unpack_f
 .text          0x00000ddc       0xb2 d:/courses/avr/tools/imt_sdk_win_64/winavr/bin/../lib/gcc/avr/4.3.3/avr5\libgcc.a(_fpcmp_parts_sf.o)
                0x00000ddc                __fpcmp_parts_f
 .text          0x00000e8e        0x0 d:/courses/avr/tools/imt_sdk_win_64/winavr/bin/../lib/gcc/avr/4.3.3/avr5\libgcc.a(_clz.o)
 .text          0x00000e8e        0x0 d:/courses/avr/tools/imt_sdk_win_64/winavr/bin/../lib/gcc/avr/4.3.3/../../../../avr/lib/avr5\libc.a(sprintf.o)
 .text          0x00000e8e        0x0 d:/courses/avr/tools/imt_sdk_win_64/winavr/bin/../lib/gcc/avr/4.3.3/../../../../avr/lib/avr5\libc.a(vfprintf_std.o)
 .text          0x00000e8e        0x0 d:/courses/avr/tools/imt_sdk_win_64/winavr/bin/../lib/gcc/avr/4.3.3/../../../../avr/lib/avr5\libc.a(strnlen_P.o)
 .text          0x00000e8e        0x0 d:/courses/avr/tools/imt_sdk_win_64/winavr/bin/../lib/gcc/avr/4.3.3/../../../../avr/lib/avr5\libc.a(strnlen.o)
 .text          0x00000e8e        0x0 d:/courses/avr/tools/imt_sdk_win_64/winavr/bin/../lib/gcc/avr/4.3.3/../../../../avr/lib/avr5\libc.a(fputc.o)
 .text          0x00000e8e        0x0 d:/courses/avr/tools/imt_sdk_win_64/winavr/bin/../lib/gcc/avr/4.3.3/../../../../avr/lib/avr5\libc.a(ultoa_invert.o)
                0x00000e8e                . = ALIGN (0x2)
 *(.text.*)
 .text.USART_enuInit
                0x00000e8e       0xba ./MCAL/USART/USART_prog.o
                0x00000e8e                USART_enuInit
 .text.USART_enuSendCharacter
                0x00000f48       0x3e ./MCAL/USART/USART_prog.o
                0x00000f48                USART_enuSendCharacter
 .text.USART_enuReceiveCharacter
                0x00000f86       0x48 ./MCAL/USART/USART_prog.o
                0x00000f86                USART_enuReceiveCharacter
 .text.USART_enuSendString
                0x00000fce       0x6c ./MCAL/USART/USART_prog.o
                0x00000fce                USART_enuSendString
 .text.USART_enuReceiveStringUntilEnter
                0x0000103a       0x88 ./MCAL/USART/USART_prog.o
                0x0000103a                USART_enuReceiveStringUntilEnter
 .text.USART_enuReceiveStringWithKey
                0x000010c2       0x9a ./MCAL/USART/USART_prog.o
                0x000010c2                USART_enuReceiveStringWithKey
 .text.TIMER1_enuInit
                0x0000115c       0xa4 ./MCAL/TIMER1/TIMER1_prog.o
                0x0000115c                TIMER1_enuInit
 .text.TIMER1_enuDelayMilliSecondSyn
                0x00001200       0x2c ./MCAL/TIMER1/TIMER1_prog.o
                0x00001200                TIMER1_enuDelayMilliSecondSyn
 .text.TIMER1_enuDelayMilliSecondASyn
                0x0000122c       0x3c ./MCAL/TIMER1/TIMER1_prog.o
                0x0000122c                TIMER1_enuDelayMilliSecondASyn
 .text.TIMER1_enuSetPreload
                0x00001268       0x1c ./MCAL/TIMER1/TIMER1_prog.o
                0x00001268                TIMER1_enuSetPreload
 .text.TIMER1_enuSetOutputCompareRegisterChannelA
                0x00001284       0x1c ./MCAL/TIMER1/TIMER1_prog.o
                0x00001284                TIMER1_enuSetOutputCompareRegisterChannelA
 .text.TIMER1_enuSetOutputCompareRegisterChannelB
                0x000012a0       0x1c ./MCAL/TIMER1/TIMER1_prog.o
                0x000012a0                TIMER1_enuSetOutputCompareRegisterChannelB
 .text.TIMER1_enuSetCALLBACK_OVF
                0x000012bc       0x2c ./MCAL/TIMER1/TIMER1_prog.o
                0x000012bc                TIMER1_enuSetCALLBACK_OVF
 .text.TIMER1_enuSetCALLBACK_CTC_ChannelA
                0x000012e8       0x2c ./MCAL/TIMER1/TIMER1_prog.o
                0x000012e8                TIMER1_enuSetCALLBACK_CTC_ChannelA
 .text.TIMER1_enuSetCALLBACK_CTC_ChannelB
                0x00001314       0x2c ./MCAL/TIMER1/TIMER1_prog.o
                0x00001314                TIMER1_enuSetCALLBACK_CTC_ChannelB
 .text.TIMER1_enuSetCALLBACK_ICU
                0x00001340       0x2c ./MCAL/TIMER1/TIMER1_prog.o
                0x00001340                TIMER1_enuSetCALLBACK_ICU
 .text.TIMER1_enuEnableOVFInterrupt
                0x0000136c       0x18 ./MCAL/TIMER1/TIMER1_prog.o
                0x0000136c                TIMER1_enuEnableOVFInterrupt
 .text.TIMER1_enuEnableCTCInterruptChannelA
                0x00001384       0x18 ./MCAL/TIMER1/TIMER1_prog.o
                0x00001384                TIMER1_enuEnableCTCInterruptChannelA
 .text.TIMER1_enuEnableCTCInterruptChannelB
                0x0000139c       0x18 ./MCAL/TIMER1/TIMER1_prog.o
                0x0000139c                TIMER1_enuEnableCTCInterruptChannelB
 .text.TIMER1_enuPrepareICU
                0x000013b4       0xce ./MCAL/TIMER1/TIMER1_prog.o
                0x000013b4                TIMER1_enuPrepareICU
 .text.TIMER1_enuCalculateICUResults
                0x00001482      0x14c ./MCAL/TIMER1/TIMER1_prog.o
                0x00001482                TIMER1_enuCalculateICUResults
 .text.TIMER1_enuEnableInputCaptureUnitInterrupt
                0x000015ce       0x28 ./MCAL/TIMER1/TIMER1_prog.o
                0x000015ce                TIMER1_enuEnableInputCaptureUnitInterrupt
 .text.__vector_6
                0x000015f6      0x17e ./MCAL/TIMER1/TIMER1_prog.o
                0x000015f6                __vector_6
 .text.TIMER0_enuInit
                0x00001774       0xa6 ./MCAL/TIMER0/TIMER0_prog.o
                0x00001774                TIMER0_enuInit
 .text.TIMER0_enuDelayMilliSecondSyn
                0x0000181a      0x1f2 ./MCAL/TIMER0/TIMER0_prog.o
                0x0000181a                TIMER0_enuDelayMilliSecondSyn
 .text.TIMER0_enuDelayMilliSecondASyn
                0x00001a0c      0x1d6 ./MCAL/TIMER0/TIMER0_prog.o
                0x00001a0c                TIMER0_enuDelayMilliSecondASyn
 .text.TIMER0_enuGeneratePWM
                0x00001be2       0x48 ./MCAL/TIMER0/TIMER0_prog.o
                0x00001be2                TIMER0_enuGeneratePWM
 .text.TIMER0_enuSetOutputCompareRegister
                0x00001c2a       0x26 ./MCAL/TIMER0/TIMER0_prog.o
                0x00001c2a                TIMER0_enuSetOutputCompareRegister
 .text.TIMER0_enuSetPreload
                0x00001c50       0x26 ./MCAL/TIMER0/TIMER0_prog.o
                0x00001c50                TIMER0_enuSetPreload
 .text.TIMER0_enuSetCALLBACK_CTC
                0x00001c76       0x54 ./MCAL/TIMER0/TIMER0_prog.o
                0x00001c76                TIMER0_enuSetCALLBACK_CTC
 .text.TIMER0_enuEnableOVFInterrupt
                0x00001cca       0x28 ./MCAL/TIMER0/TIMER0_prog.o
                0x00001cca                TIMER0_enuEnableOVFInterrupt
 .text.TIMER0_enuEnableCTCInterrupt
                0x00001cf2       0x28 ./MCAL/TIMER0/TIMER0_prog.o
                0x00001cf2                TIMER0_enuEnableCTCInterrupt
 .text.__vector_11
                0x00001d1a       0xda ./MCAL/TIMER0/TIMER0_prog.o
                0x00001d1a                __vector_11
 .text.__vector_10
                0x00001df4       0x6e ./MCAL/TIMER0/TIMER0_prog.o
                0x00001df4                __vector_10
 .text.SPI_enuInit
                0x00001e62       0x8a ./MCAL/SPI/SPI_prog.o
                0x00001e62                SPI_enuInit
 .text.SPI_enuSendData_Master
                0x00001eec       0x54 ./MCAL/SPI/SPI_prog.o
                0x00001eec                SPI_enuSendData_Master
 .text.SPI_enuReceiveData_Master
                0x00001f40       0x54 ./MCAL/SPI/SPI_prog.o
                0x00001f40                SPI_enuReceiveData_Master
 .text.SPI_enuEnableInterrupt
                0x00001f94       0x28 ./MCAL/SPI/SPI_prog.o
                0x00001f94                SPI_enuEnableInterrupt
 .text.SPI_enuCallBackFunc
                0x00001fbc       0x54 ./MCAL/SPI/SPI_prog.o
                0x00001fbc                SPI_enuCallBackFunc
 .text.VECT_SPI
                0x00002010       0x6e ./MCAL/SPI/SPI_prog.o
                0x00002010                VECT_SPI
 .text.I2C_enuInitMaster
                0x0000207e       0x3e ./MCAL/I2C/I2C_Prog.o
                0x0000207e                I2C_enuInitMaster
 .text.I2C_enuInitSlave
                0x000020bc       0x30 ./MCAL/I2C/I2C_Prog.o
                0x000020bc                I2C_enuInitSlave
 .text.I2C_enuStartCondition
                0x000020ec       0x54 ./MCAL/I2C/I2C_Prog.o
                0x000020ec                I2C_enuStartCondition
 .text.I2C_enuRepeatStartCondition
                0x00002140       0x54 ./MCAL/I2C/I2C_Prog.o
                0x00002140                I2C_enuRepeatStartCondition
 .text.I2C_enuStopCondition
                0x00002194       0x36 ./MCAL/I2C/I2C_Prog.o
                0x00002194                I2C_enuStopCondition
 .text.I2C_enuSendSlaveAddress
                0x000021ca       0x9c ./MCAL/I2C/I2C_Prog.o
                0x000021ca                I2C_enuSendSlaveAddress
 .text.I2C_enuSlaveCheckItsAdress
                0x00002266       0x6c ./MCAL/I2C/I2C_Prog.o
                0x00002266                I2C_enuSlaveCheckItsAdress
 .text.I2C_enuMasterSendData
                0x000022d2       0x52 ./MCAL/I2C/I2C_Prog.o
                0x000022d2                I2C_enuMasterSendData
 .text.I2C_enuSlaveRecieveData
                0x00002324       0x5c ./MCAL/I2C/I2C_Prog.o
                0x00002324                I2C_enuSlaveRecieveData
 .text.GIE_enuGloable_Interrupt_Enable
                0x00002380       0x36 ./MCAL/GIE/GIE_prog.o
                0x00002380                GIE_enuGloable_Interrupt_Enable
 .text.GIE_enuGloable_Interrupt_Disable
                0x000023b6       0x28 ./MCAL/GIE/GIE_prog.o
                0x000023b6                GIE_enuGloable_Interrupt_Disable
 .text.EXTI_enuInit
                0x000023de      0x338 ./MCAL/EXTI/EXTI_prog.o
                0x000023de                EXTI_enuInit
 .text.EXTI_enuChange_Control_State
                0x00002716      0x256 ./MCAL/EXTI/EXTI_prog.o
                0x00002716                EXTI_enuChange_Control_State
 .text.EXTI_enuEnable
                0x0000296c       0xae ./MCAL/EXTI/EXTI_prog.o
                0x0000296c                EXTI_enuEnable
 .text.EXTI_enuDisable
                0x00002a1a       0x82 ./MCAL/EXTI/EXTI_prog.o
                0x00002a1a                EXTI_enuDisable
 .text.EXTI_enuCallBackFunc
                0x00002a9c       0x7c ./MCAL/EXTI/EXTI_prog.o
                0x00002a9c                EXTI_enuCallBackFunc
 .text.__vector_1
                0x00002b18       0x6e ./MCAL/EXTI/EXTI_prog.o
                0x00002b18                __vector_1
 .text.__vector_2
                0x00002b86       0x6e ./MCAL/EXTI/EXTI_prog.o
                0x00002b86                __vector_2
 .text.__vector_3
                0x00002bf4       0x6e ./MCAL/EXTI/EXTI_prog.o
                0x00002bf4                __vector_3
 .text.DIO_enuINIT
                0x00002c62       0x58 ./MCAL/DIO/DIO_prog.o
                0x00002c62                DIO_enuINIT
 .text.DIO_enuSetPortDirection
                0x00002cba       0x9a ./MCAL/DIO/DIO_prog.o
                0x00002cba                DIO_enuSetPortDirection
 .text.DIO_enuSetPortVal
                0x00002d54       0x9a ./MCAL/DIO/DIO_prog.o
                0x00002d54                DIO_enuSetPortVal
 .text.DIO_enuGetPortVal
                0x00002dee       0xbe ./MCAL/DIO/DIO_prog.o
                0x00002dee                DIO_enuGetPortVal
 .text.DIO_enuTogPortVal
                0x00002eac       0xae ./MCAL/DIO/DIO_prog.o
                0x00002eac                DIO_enuTogPortVal
 .text.DIO_enuSetPinDirection
                0x00002f5a      0x1d8 ./MCAL/DIO/DIO_prog.o
                0x00002f5a                DIO_enuSetPinDirection
 .text.DIO_enuSetPinVal
                0x00003132      0x1d8 ./MCAL/DIO/DIO_prog.o
                0x00003132                DIO_enuSetPinVal
 .text.DIO_enuGetPinVal
                0x0000330a      0x13c ./MCAL/DIO/DIO_prog.o
                0x0000330a                DIO_enuGetPinVal
 .text.DIO_enuTogPinVal
                0x00003446      0x11c ./MCAL/DIO/DIO_prog.o
                0x00003446                DIO_enuTogPinVal
 .text.ADC_enuInit
                0x00003562       0x96 ./MCAL/ADC/ADC_prog.o
                0x00003562                ADC_enuInit
 .text.ADC_enuEnable
                0x000035f8       0x26 ./MCAL/ADC/ADC_prog.o
                0x000035f8                ADC_enuEnable
 .text.ADC_enuDisable
                0x0000361e       0x26 ./MCAL/ADC/ADC_prog.o
                0x0000361e                ADC_enuDisable
 .text.ADC_enuStartConversion
                0x00003644       0x26 ./MCAL/ADC/ADC_prog.o
                0x00003644                ADC_enuStartConversion
 .text.ADC_enuSelectChannel
                0x0000366a       0x3a ./MCAL/ADC/ADC_prog.o
                0x0000366a                ADC_enuSelectChannel
 .text.ADC_enuPollingSystem
                0x000036a4       0x3c ./MCAL/ADC/ADC_prog.o
                0x000036a4                ADC_enuPollingSystem
 .text.ADC_enuEnableInterrupt
                0x000036e0       0x26 ./MCAL/ADC/ADC_prog.o
                0x000036e0                ADC_enuEnableInterrupt
 .text.ADC_enuDisableInterrupt
                0x00003706       0x26 ./MCAL/ADC/ADC_prog.o
                0x00003706                ADC_enuDisableInterrupt
 .text.ADC_enuReadHighValue
                0x0000372c       0x5e ./MCAL/ADC/ADC_prog.o
                0x0000372c                ADC_enuReadHighValue
 .text.ADC_enuReadADCValue
                0x0000378a       0x56 ./MCAL/ADC/ADC_prog.o
                0x0000378a                ADC_enuReadADCValue
 .text.ADC_enuEnableTrigger
                0x000037e0      0x222 ./MCAL/ADC/ADC_prog.o
                0x000037e0                ADC_enuEnableTrigger
 .text.ADC_enuDisableTrigger
                0x00003a02       0x26 ./MCAL/ADC/ADC_prog.o
                0x00003a02                ADC_enuDisableTrigger
 .text.ADC_enuCallBack
                0x00003a28       0x52 ./MCAL/ADC/ADC_prog.o
                0x00003a28                ADC_enuCallBack
 .text.ADC_Read_From_Ch
                0x00003a7a       0x4c ./MCAL/ADC/ADC_prog.o
                0x00003a7a                ADC_Read_From_Ch
 .text.__vector_16
                0x00003ac6       0x6e ./MCAL/ADC/ADC_prog.o
                0x00003ac6                __vector_16
 .text.Switch_enuINIT
                0x00003b34       0xea ./HAL/SWITCH/Switch_prog.o
                0x00003b34                Switch_enuINIT
 .text.Switch_enuGetState
                0x00003c1e       0x5c ./HAL/SWITCH/Switch_prog.o
                0x00003c1e                Switch_enuGetState
 .text.Switch_enuChangeMode
                0x00003c7a       0x60 ./HAL/SWITCH/Switch_prog.o
                0x00003c7a                Switch_enuChangeMode
 .text.Seven_Segment_enuInit
                0x00003cda      0x786 ./HAL/SEVEN_SEG/Seven_Segment_prog.o
                0x00003cda                Seven_Segment_enuInit
 .text.Seven_Segment_enuDisplayNumber
                0x00004460      0xb4a ./HAL/SEVEN_SEG/Seven_Segment_prog.o
                0x00004460                Seven_Segment_enuDisplayNumber
 .text.Seven_Segment_enuEnableCommon
                0x00004faa      0x148 ./HAL/SEVEN_SEG/Seven_Segment_prog.o
                0x00004faa                Seven_Segment_enuEnableCommon
 .text.Seven_Segment_enuDisableCommon
                0x000050f2      0x148 ./HAL/SEVEN_SEG/Seven_Segment_prog.o
                0x000050f2                Seven_Segment_enuDisableCommon
 .text.Seven_Segment_enuEnableDot
                0x0000523a      0x148 ./HAL/SEVEN_SEG/Seven_Segment_prog.o
                0x0000523a                Seven_Segment_enuEnableDot
 .text.Seven_Segment_enuDisableDot
                0x00005382      0x148 ./HAL/SEVEN_SEG/Seven_Segment_prog.o
                0x00005382                Seven_Segment_enuDisableDot
 .text.Seven_Sement_enuTurnOFF
                0x000054ca      0xb86 ./HAL/SEVEN_SEG/Seven_Segment_prog.o
                0x000054ca                Seven_Sement_enuTurnOFF
 .text.LED_enuINIT
                0x00006050      0x274 ./HAL/LED/LED_prog.o
                0x00006050                LED_enuINIT
 .text.LED_enuTurnON
                0x000062c4       0x8c ./HAL/LED/LED_prog.o
                0x000062c4                LED_enuTurnON
 .text.LED_enuTurnOFF
                0x00006350       0x8c ./HAL/LED/LED_prog.o
                0x00006350                LED_enuTurnOFF
 .text.LDR_enuInit
                0x000063dc       0x7c ./HAL/LDR/LDR_Prog.o
                0x000063dc                LDR_enuInit
 .text.LDR_enuGetValue
                0x00006458       0x32 ./HAL/LDR/LDR_Prog.o
                0x00006458                LDR_enuGetValue
 .text.LCD_enuInit
                0x0000648a      0x794 ./HAL/LCD/LCD_prog.o
                0x0000648a                LCD_enuInit
 .text.LCD_enuDisplayChar
                0x00006c1e       0x56 ./HAL/LCD/LCD_prog.o
                0x00006c1e                LCD_enuDisplayChar
 .text.LCD_enuSendCommand
                0x00006c74       0x52 ./HAL/LCD/LCD_prog.o
                0x00006c74                LCD_enuSendCommand
 .text.LCD_enuLatch
                0x00006cc6      0x348 ./HAL/LCD/LCD_prog.o
 .text.LCD_vidTrigger_LATCH
                0x0000700e      0x11e ./HAL/LCD/LCD_prog.o
 .text.LCD_inlenuSendCommand
                0x0000712c       0x52 ./HAL/LCD/LCD_prog.o
 .text.LCD_enuGoToPosition
                0x0000717e       0xc6 ./HAL/LCD/LCD_prog.o
                0x0000717e                LCD_enuGoToPosition
 .text.LCD_vidCheckPosition
                0x00007244       0x88 ./HAL/LCD/LCD_prog.o
 .text.LCD_vidClearScreen
                0x000072cc       0x18 ./HAL/LCD/LCD_prog.o
                0x000072cc                LCD_vidClearScreen
 .text.LCD_enuWriteString
                0x000072e4       0x68 ./HAL/LCD/LCD_prog.o
                0x000072e4                LCD_enuWriteString
 .text.LCD_enuWriteIntNumber
                0x0000734c       0xb6 ./HAL/LCD/LCD_prog.o
                0x0000734c                LCD_enuWriteIntNumber
 .text.LCD_enuWriteFloatNumber
                0x00007402       0xd6 ./HAL/LCD/LCD_prog.o
                0x00007402                LCD_enuWriteFloatNumber
 .text.LCD_enuCustomCharacter
                0x000074d8       0x54 ./HAL/LCD/LCD_prog.o
                0x000074d8                LCD_enuCustomCharacter
 .text.KEYPAD_enuInit
                0x0000752c       0xd8 ./HAL/KEYPAD/KEYPAD_prog.o
                0x0000752c                KEYPAD_enuInit
 .text.KEYPAD_u8GetPressedKey
                0x00007604      0x128 ./HAL/KEYPAD/KEYPAD_prog.o
                0x00007604                KEYPAD_u8GetPressedKey
 .text.DC_MOTOR_enuInit
                0x0000772c       0xcc ./HAL/DC_MOTOR/DC_MOTOR_prog.o
                0x0000772c                DC_MOTOR_enuInit
 .text.DC_MOTOR_enuOnCW
                0x000077f8       0x98 ./HAL/DC_MOTOR/DC_MOTOR_prog.o
                0x000077f8                DC_MOTOR_enuOnCW
 .text.DC_MOTOR_enuOnCCW
                0x00007890       0x98 ./HAL/DC_MOTOR/DC_MOTOR_prog.o
                0x00007890                DC_MOTOR_enuOnCCW
 .text.DC_MOTOR_enuOff
                0x00007928       0x98 ./HAL/DC_MOTOR/DC_MOTOR_prog.o
                0x00007928                DC_MOTOR_enuOff
 .text.DC_MOTOR_SetSpeed
                0x000079c0       0x48 ./HAL/DC_MOTOR/DC_MOTOR_prog.o
                0x000079c0                DC_MOTOR_SetSpeed
 .text.BUZZER_enuInit
                0x00007a08      0x158 ./HAL/BUZZER/BUZZER_prog.o
                0x00007a08                BUZZER_enuInit
 .text.BUZZER_enuTurnON
                0x00007b60       0x9e ./HAL/BUZZER/BUZZER_prog.o
                0x00007b60                BUZZER_enuTurnON
 .text.BUZZER_enuTurnOFF
                0x00007bfe       0x9e ./HAL/BUZZER/BUZZER_prog.o
                0x00007bfe                BUZZER_enuTurnOFF
 .text.main     0x00007c9c        0xa ./main.o
                0x00007c9c                main
 .text.libgcc   0x00007ca6        0x0 d:/courses/avr/tools/imt_sdk_win_64/winavr/bin/../lib/gcc/avr/4.3.3/avr5\libgcc.a(_exit.o)
 .text.libgcc   0x00007ca6        0x0 d:/courses/avr/tools/imt_sdk_win_64/winavr/bin/../lib/gcc/avr/4.3.3/avr5\libgcc.a(_copy_data.o)
 .text.libgcc   0x00007ca6        0x0 d:/courses/avr/tools/imt_sdk_win_64/winavr/bin/../lib/gcc/avr/4.3.3/avr5\libgcc.a(_clear_bss.o)
 .text.libgcc   0x00007ca6       0x38 d:/courses/avr/tools/imt_sdk_win_64/winavr/bin/../lib/gcc/avr/4.3.3/avr5\libgcc.a(_prologue.o)
                0x00007ca6                __prologue_saves__
 .text.libgcc   0x00007cde       0x36 d:/courses/avr/tools/imt_sdk_win_64/winavr/bin/../lib/gcc/avr/4.3.3/avr5\libgcc.a(_epilogue.o)
                0x00007cde                __epilogue_restores__
 .text.avr-libc
                0x00007d14       0x48 d:/courses/avr/tools/imt_sdk_win_64/winavr/bin/../lib/gcc/avr/4.3.3/../../../../avr/lib/avr5\libc.a(sprintf.o)
                0x00007d14                sprintf
 .text.avr-libc
                0x00007d5c      0x3ba d:/courses/avr/tools/imt_sdk_win_64/winavr/bin/../lib/gcc/avr/4.3.3/../../../../avr/lib/avr5\libc.a(vfprintf_std.o)
                0x00007d5c                vfprintf
 .text.avr-libc
                0x00008116       0x16 d:/courses/avr/tools/imt_sdk_win_64/winavr/bin/../lib/gcc/avr/4.3.3/../../../../avr/lib/avr5\libc.a(strnlen_P.o)
                0x00008116                strnlen_P
 .text.avr-libc
                0x0000812c       0x16 d:/courses/avr/tools/imt_sdk_win_64/winavr/bin/../lib/gcc/avr/4.3.3/../../../../avr/lib/avr5\libc.a(strnlen.o)
                0x0000812c                strnlen
 .text.avr-libc
                0x00008142       0x58 d:/courses/avr/tools/imt_sdk_win_64/winavr/bin/../lib/gcc/avr/4.3.3/../../../../avr/lib/avr5\libc.a(fputc.o)
                0x00008142                fputc
 .text.avr-libc
                0x0000819a       0xbc d:/courses/avr/tools/imt_sdk_win_64/winavr/bin/../lib/gcc/avr/4.3.3/../../../../avr/lib/avr5\libc.a(ultoa_invert.o)
                0x0000819a                __ultoa_invert
                0x00008256                . = ALIGN (0x2)
 *(.fini9)
 .fini9         0x00008256        0x0 d:/courses/avr/tools/imt_sdk_win_64/winavr/bin/../lib/gcc/avr/4.3.3/avr5\libgcc.a(_exit.o)
                0x00008256                exit
                0x00008256                _exit
 *(.fini9)
 *(.fini8)
 *(.fini8)
 *(.fini7)
 *(.fini7)
 *(.fini6)
 *(.fini6)
 *(.fini5)
 *(.fini5)
 *(.fini4)
 *(.fini4)
 *(.fini3)
 *(.fini3)
 *(.fini2)
 *(.fini2)
 *(.fini1)
 *(.fini1)
 *(.fini0)
 .fini0         0x00008256        0x4 d:/courses/avr/tools/imt_sdk_win_64/winavr/bin/../lib/gcc/avr/4.3.3/avr5\libgcc.a(_exit.o)
 *(.fini0)
                0x0000825a                _etext = .

.data           0x00800060      0x19e load address 0x0000825a
                0x00800060                PROVIDE (__data_start, .)
 *(.data)
 .data          0x00800060        0x0 d:/courses/avr/tools/imt_sdk_win_64/winavr/bin/../lib/gcc/avr/4.3.3/../../../../avr/lib/avr5/crtm32.o
 .data          0x00800060        0x0 ./MCAL/USART/USART_prog.o
 .data          0x00800060        0x0 ./MCAL/TIMER1/TIMER1_prog.o
 .data          0x00800060        0x0 ./MCAL/TIMER0/TIMER0_prog.o
 .data          0x00800060        0x0 ./MCAL/SPI/SPI_prog.o
 .data          0x00800060        0x0 ./MCAL/I2C/I2C_Prog.o
 .data          0x00800060        0x0 ./MCAL/GIE/GIE_prog.o
 .data          0x00800060        0x0 ./MCAL/EXTI/EXTI_config.o
 .data          0x00800060        0x0 ./MCAL/EXTI/EXTI_prog.o
 .data          0x00800060        0x0 ./MCAL/DIO/DIO_prog.o
 .data          0x00800060        0x0 ./MCAL/ADC/ADC_prog.o
 .data          0x00800060        0x0 ./HAL/SWITCH/Switch_config.o
 .data          0x00800060        0x0 ./HAL/SWITCH/Switch_prog.o
 .data          0x00800060        0x0 ./HAL/SEVEN_SEG/Seven_Segment_config.o
 .data          0x00800060        0x0 ./HAL/SEVEN_SEG/Seven_Segment_prog.o
 .data          0x00800060        0x0 ./HAL/LED/LED_config.o
 .data          0x00800060        0x0 ./HAL/LED/LED_prog.o
 .data          0x00800060        0x0 ./HAL/LDR/LDR_Config.o
 .data          0x00800060        0x0 ./HAL/LDR/LDR_Prog.o
 .data          0x00800060        0x3 ./HAL/LCD/LCD_prog.o
 .data          0x00800063        0x0 ./HAL/KEYPAD/KEYPAD_prog.o
 .data          0x00800063        0x0 ./HAL/DC_MOTOR/DC_MOTOR_config.o
 .data          0x00800063        0x0 ./HAL/DC_MOTOR/DC_MOTOR_prog.o
 .data          0x00800063        0x0 ./HAL/BUZZER/BUZZER_config.o
 .data          0x00800063        0x0 ./HAL/BUZZER/BUZZER_prog.o
 .data          0x00800063        0x0 ./main.o
 .data          0x00800063        0x0 d:/courses/avr/tools/imt_sdk_win_64/winavr/bin/../lib/gcc/avr/4.3.3/avr5\libgcc.a(_exit.o)
 .data          0x00800063        0x0 d:/courses/avr/tools/imt_sdk_win_64/winavr/bin/../lib/gcc/avr/4.3.3/avr5\libgcc.a(_copy_data.o)
 .data          0x00800063        0x0 d:/courses/avr/tools/imt_sdk_win_64/winavr/bin/../lib/gcc/avr/4.3.3/avr5\libgcc.a(_clear_bss.o)
 .data          0x00800063        0x0 d:/courses/avr/tools/imt_sdk_win_64/winavr/bin/../lib/gcc/avr/4.3.3/avr5\libgcc.a(_fixunssfsi.o)
 .data          0x00800063        0x0 d:/courses/avr/tools/imt_sdk_win_64/winavr/bin/../lib/gcc/avr/4.3.3/avr5\libgcc.a(_addsub_sf.o)
 .data          0x00800063        0x0 d:/courses/avr/tools/imt_sdk_win_64/winavr/bin/../lib/gcc/avr/4.3.3/avr5\libgcc.a(_mul_sf.o)
 .data          0x00800063        0x0 d:/courses/avr/tools/imt_sdk_win_64/winavr/bin/../lib/gcc/avr/4.3.3/avr5\libgcc.a(_div_sf.o)
 .data          0x00800063        0x0 d:/courses/avr/tools/imt_sdk_win_64/winavr/bin/../lib/gcc/avr/4.3.3/avr5\libgcc.a(_ne_sf.o)
 .data          0x00800063        0x0 d:/courses/avr/tools/imt_sdk_win_64/winavr/bin/../lib/gcc/avr/4.3.3/avr5\libgcc.a(_gt_sf.o)
 .data          0x00800063        0x0 d:/courses/avr/tools/imt_sdk_win_64/winavr/bin/../lib/gcc/avr/4.3.3/avr5\libgcc.a(_ge_sf.o)
 .data          0x00800063        0x0 d:/courses/avr/tools/imt_sdk_win_64/winavr/bin/../lib/gcc/avr/4.3.3/avr5\libgcc.a(_lt_sf.o)
 .data          0x00800063        0x0 d:/courses/avr/tools/imt_sdk_win_64/winavr/bin/../lib/gcc/avr/4.3.3/avr5\libgcc.a(_sf_to_si.o)
 .data          0x00800063        0x8 d:/courses/avr/tools/imt_sdk_win_64/winavr/bin/../lib/gcc/avr/4.3.3/avr5\libgcc.a(_thenan_sf.o)
                0x00800063                __thenan_sf
 .data          0x0080006b        0x0 d:/courses/avr/tools/imt_sdk_win_64/winavr/bin/../lib/gcc/avr/4.3.3/avr5\libgcc.a(_usi_to_sf.o)
 .data          0x0080006b        0x0 d:/courses/avr/tools/imt_sdk_win_64/winavr/bin/../lib/gcc/avr/4.3.3/avr5\libgcc.a(_prologue.o)
 .data          0x0080006b        0x0 d:/courses/avr/tools/imt_sdk_win_64/winavr/bin/../lib/gcc/avr/4.3.3/avr5\libgcc.a(_epilogue.o)
 .data          0x0080006b        0x0 d:/courses/avr/tools/imt_sdk_win_64/winavr/bin/../lib/gcc/avr/4.3.3/avr5\libgcc.a(_clzsi2.o)
 .data          0x0080006b        0x0 d:/courses/avr/tools/imt_sdk_win_64/winavr/bin/../lib/gcc/avr/4.3.3/avr5\libgcc.a(_pack_sf.o)
 .data          0x0080006b        0x0 d:/courses/avr/tools/imt_sdk_win_64/winavr/bin/../lib/gcc/avr/4.3.3/avr5\libgcc.a(_unpack_sf.o)
 .data          0x0080006b        0x0 d:/courses/avr/tools/imt_sdk_win_64/winavr/bin/../lib/gcc/avr/4.3.3/avr5\libgcc.a(_fpcmp_parts_sf.o)
 .data          0x0080006b      0x100 d:/courses/avr/tools/imt_sdk_win_64/winavr/bin/../lib/gcc/avr/4.3.3/avr5\libgcc.a(_clz.o)
                0x0080006b                __clz_tab
 .data          0x0080016b        0x0 d:/courses/avr/tools/imt_sdk_win_64/winavr/bin/../lib/gcc/avr/4.3.3/../../../../avr/lib/avr5\libc.a(sprintf.o)
 .data          0x0080016b        0x0 d:/courses/avr/tools/imt_sdk_win_64/winavr/bin/../lib/gcc/avr/4.3.3/../../../../avr/lib/avr5\libc.a(vfprintf_std.o)
 .data          0x0080016b        0x0 d:/courses/avr/tools/imt_sdk_win_64/winavr/bin/../lib/gcc/avr/4.3.3/../../../../avr/lib/avr5\libc.a(strnlen_P.o)
 .data          0x0080016b        0x0 d:/courses/avr/tools/imt_sdk_win_64/winavr/bin/../lib/gcc/avr/4.3.3/../../../../avr/lib/avr5\libc.a(strnlen.o)
 .data          0x0080016b        0x0 d:/courses/avr/tools/imt_sdk_win_64/winavr/bin/../lib/gcc/avr/4.3.3/../../../../avr/lib/avr5\libc.a(fputc.o)
 .data          0x0080016b        0x0 d:/courses/avr/tools/imt_sdk_win_64/winavr/bin/../lib/gcc/avr/4.3.3/../../../../avr/lib/avr5\libc.a(ultoa_invert.o)
 *(.data*)
 .data.EXTI_AStrEXTI_Config
                0x0080016b        0x9 ./MCAL/EXTI/EXTI_config.o
                0x0080016b                EXTI_AStrEXTI_Config
 .data.SW_AstrSwitchConfig
                0x00800174        0x6 ./HAL/SWITCH/Switch_config.o
                0x00800174                SW_AstrSwitchConfig
 .data.SEGCth_Numbers
                0x0080017a        0xa ./HAL/SEVEN_SEG/Seven_Segment_config.o
 .data.SEV_SEG_AstrSEGConfig
                0x00800184       0x26 ./HAL/SEVEN_SEG/Seven_Segment_config.o
                0x00800184                SEV_SEG_AstrSEGConfig
 .data.SEGCth_Numbers
                0x008001aa        0xa ./HAL/SEVEN_SEG/Seven_Segment_prog.o
 .data.LED_AstrLedConfig
                0x008001b4       0x20 ./HAL/LED/LED_config.o
                0x008001b4                LED_AstrLedConfig
 .data.Local_KEYPAD_CHAR.1252
                0x008001d4       0x10 ./HAL/KEYPAD/KEYPAD_prog.o
 .data.Local_Au8RowsPins.1251
                0x008001e4        0x4 ./HAL/KEYPAD/KEYPAD_prog.o
 .data.Local_Au8RowsPorts.1250
                0x008001e8        0x4 ./HAL/KEYPAD/KEYPAD_prog.o
 .data.Local_Au8ColumnsPins.1249
                0x008001ec        0x4 ./HAL/KEYPAD/KEYPAD_prog.o
 .data.Local_Au8ColumnsPorts.1248
                0x008001f0        0x4 ./HAL/KEYPAD/KEYPAD_prog.o
 .data.DC_MOTOR_AstrDcMotorConfig
                0x008001f4        0x4 ./HAL/DC_MOTOR/DC_MOTOR_config.o
                0x008001f4                DC_MOTOR_AstrDcMotorConfig
 .data.BUZZER_AstrBuzzerConfig
                0x008001f8        0x6 ./HAL/BUZZER/BUZZER_config.o
                0x008001f8                BUZZER_AstrBuzzerConfig
 *(.rodata)
 *(.rodata*)
 *(.gnu.linkonce.d*)
                0x008001fe                . = ALIGN (0x2)
                0x008001fe                _edata = .
                0x008001fe                PROVIDE (__data_end, .)

.bss            0x008001fe       0x32
                0x008001fe                PROVIDE (__bss_start, .)
 *(.bss)
 .bss           0x008001fe        0x0 d:/courses/avr/tools/imt_sdk_win_64/winavr/bin/../lib/gcc/avr/4.3.3/../../../../avr/lib/avr5/crtm32.o
 .bss           0x008001fe        0x0 ./MCAL/USART/USART_prog.o
 .bss           0x008001fe        0x0 ./MCAL/TIMER1/TIMER1_prog.o
 .bss           0x008001fe        0x0 ./MCAL/TIMER0/TIMER0_prog.o
 .bss           0x008001fe        0x0 ./MCAL/SPI/SPI_prog.o
 .bss           0x008001fe        0x0 ./MCAL/I2C/I2C_Prog.o
 .bss           0x008001fe        0x0 ./MCAL/GIE/GIE_prog.o
 .bss           0x008001fe        0x0 ./MCAL/EXTI/EXTI_config.o
 .bss           0x008001fe        0x0 ./MCAL/EXTI/EXTI_prog.o
 .bss           0x008001fe        0x0 ./MCAL/DIO/DIO_prog.o
 .bss           0x008001fe        0x0 ./MCAL/ADC/ADC_prog.o
 .bss           0x008001fe        0x0 ./HAL/SWITCH/Switch_config.o
 .bss           0x008001fe        0x0 ./HAL/SWITCH/Switch_prog.o
 .bss           0x008001fe        0x0 ./HAL/SEVEN_SEG/Seven_Segment_config.o
 .bss           0x008001fe        0x0 ./HAL/SEVEN_SEG/Seven_Segment_prog.o
 .bss           0x008001fe        0x0 ./HAL/LED/LED_config.o
 .bss           0x008001fe        0x0 ./HAL/LED/LED_prog.o
 .bss           0x008001fe        0x0 ./HAL/LDR/LDR_Config.o
 .bss           0x008001fe        0x0 ./HAL/LDR/LDR_Prog.o
 .bss           0x008001fe        0x0 ./HAL/LCD/LCD_prog.o
 .bss           0x008001fe        0x0 ./HAL/KEYPAD/KEYPAD_prog.o
 .bss           0x008001fe        0x0 ./HAL/DC_MOTOR/DC_MOTOR_config.o
 .bss           0x008001fe        0x0 ./HAL/DC_MOTOR/DC_MOTOR_prog.o
 .bss           0x008001fe        0x0 ./HAL/BUZZER/BUZZER_config.o
 .bss           0x008001fe        0x0 ./HAL/BUZZER/BUZZER_prog.o
 .bss           0x008001fe        0x0 ./main.o
 .bss           0x008001fe        0x0 d:/courses/avr/tools/imt_sdk_win_64/winavr/bin/../lib/gcc/avr/4.3.3/avr5\libgcc.a(_exit.o)
 .bss           0x008001fe        0x0 d:/courses/avr/tools/imt_sdk_win_64/winavr/bin/../lib/gcc/avr/4.3.3/avr5\libgcc.a(_copy_data.o)
 .bss           0x008001fe        0x0 d:/courses/avr/tools/imt_sdk_win_64/winavr/bin/../lib/gcc/avr/4.3.3/avr5\libgcc.a(_clear_bss.o)
 .bss           0x008001fe        0x0 d:/courses/avr/tools/imt_sdk_win_64/winavr/bin/../lib/gcc/avr/4.3.3/avr5\libgcc.a(_fixunssfsi.o)
 .bss           0x008001fe        0x0 d:/courses/avr/tools/imt_sdk_win_64/winavr/bin/../lib/gcc/avr/4.3.3/avr5\libgcc.a(_addsub_sf.o)
 .bss           0x008001fe        0x0 d:/courses/avr/tools/imt_sdk_win_64/winavr/bin/../lib/gcc/avr/4.3.3/avr5\libgcc.a(_mul_sf.o)
 .bss           0x008001fe        0x0 d:/courses/avr/tools/imt_sdk_win_64/winavr/bin/../lib/gcc/avr/4.3.3/avr5\libgcc.a(_div_sf.o)
 .bss           0x008001fe        0x0 d:/courses/avr/tools/imt_sdk_win_64/winavr/bin/../lib/gcc/avr/4.3.3/avr5\libgcc.a(_ne_sf.o)
 .bss           0x008001fe        0x0 d:/courses/avr/tools/imt_sdk_win_64/winavr/bin/../lib/gcc/avr/4.3.3/avr5\libgcc.a(_gt_sf.o)
 .bss           0x008001fe        0x0 d:/courses/avr/tools/imt_sdk_win_64/winavr/bin/../lib/gcc/avr/4.3.3/avr5\libgcc.a(_ge_sf.o)
 .bss           0x008001fe        0x0 d:/courses/avr/tools/imt_sdk_win_64/winavr/bin/../lib/gcc/avr/4.3.3/avr5\libgcc.a(_lt_sf.o)
 .bss           0x008001fe        0x0 d:/courses/avr/tools/imt_sdk_win_64/winavr/bin/../lib/gcc/avr/4.3.3/avr5\libgcc.a(_sf_to_si.o)
 .bss           0x008001fe        0x0 d:/courses/avr/tools/imt_sdk_win_64/winavr/bin/../lib/gcc/avr/4.3.3/avr5\libgcc.a(_thenan_sf.o)
 .bss           0x008001fe        0x0 d:/courses/avr/tools/imt_sdk_win_64/winavr/bin/../lib/gcc/avr/4.3.3/avr5\libgcc.a(_usi_to_sf.o)
 .bss           0x008001fe        0x0 d:/courses/avr/tools/imt_sdk_win_64/winavr/bin/../lib/gcc/avr/4.3.3/avr5\libgcc.a(_prologue.o)
 .bss           0x008001fe        0x0 d:/courses/avr/tools/imt_sdk_win_64/winavr/bin/../lib/gcc/avr/4.3.3/avr5\libgcc.a(_epilogue.o)
 .bss           0x008001fe        0x0 d:/courses/avr/tools/imt_sdk_win_64/winavr/bin/../lib/gcc/avr/4.3.3/avr5\libgcc.a(_clzsi2.o)
 .bss           0x008001fe        0x0 d:/courses/avr/tools/imt_sdk_win_64/winavr/bin/../lib/gcc/avr/4.3.3/avr5\libgcc.a(_pack_sf.o)
 .bss           0x008001fe        0x0 d:/courses/avr/tools/imt_sdk_win_64/winavr/bin/../lib/gcc/avr/4.3.3/avr5\libgcc.a(_unpack_sf.o)
 .bss           0x008001fe        0x0 d:/courses/avr/tools/imt_sdk_win_64/winavr/bin/../lib/gcc/avr/4.3.3/avr5\libgcc.a(_fpcmp_parts_sf.o)
 .bss           0x008001fe        0x0 d:/courses/avr/tools/imt_sdk_win_64/winavr/bin/../lib/gcc/avr/4.3.3/avr5\libgcc.a(_clz.o)
 .bss           0x008001fe        0x0 d:/courses/avr/tools/imt_sdk_win_64/winavr/bin/../lib/gcc/avr/4.3.3/../../../../avr/lib/avr5\libc.a(sprintf.o)
 .bss           0x008001fe        0x0 d:/courses/avr/tools/imt_sdk_win_64/winavr/bin/../lib/gcc/avr/4.3.3/../../../../avr/lib/avr5\libc.a(vfprintf_std.o)
 .bss           0x008001fe        0x0 d:/courses/avr/tools/imt_sdk_win_64/winavr/bin/../lib/gcc/avr/4.3.3/../../../../avr/lib/avr5\libc.a(strnlen_P.o)
 .bss           0x008001fe        0x0 d:/courses/avr/tools/imt_sdk_win_64/winavr/bin/../lib/gcc/avr/4.3.3/../../../../avr/lib/avr5\libc.a(strnlen.o)
 .bss           0x008001fe        0x0 d:/courses/avr/tools/imt_sdk_win_64/winavr/bin/../lib/gcc/avr/4.3.3/../../../../avr/lib/avr5\libc.a(fputc.o)
 .bss           0x008001fe        0x0 d:/courses/avr/tools/imt_sdk_win_64/winavr/bin/../lib/gcc/avr/4.3.3/../../../../avr/lib/avr5\libc.a(ultoa_invert.o)
 *(.bss*)
 .bss.ICU_enuEdgeDetect
                0x008001fe        0x1 ./MCAL/TIMER1/TIMER1_prog.o
                0x008001fe                ICU_enuEdgeDetect
 .bss.ICU_enuState
                0x008001ff        0x1 ./MCAL/TIMER1/TIMER1_prog.o
                0x008001ff                ICU_enuState
 .bss.TimeOn    0x00800200        0x2 ./MCAL/TIMER1/TIMER1_prog.o
                0x00800200                TimeOn
 .bss.TimeTotal
                0x00800202        0x2 ./MCAL/TIMER1/TIMER1_prog.o
                0x00800202                TimeTotal
 .bss.TIMER0_PFunISRfun_OVF
                0x00800204        0x2 ./MCAL/TIMER0/TIMER0_prog.o
 .bss.TIMER0_PvidISRparameter_OVF
                0x00800206        0x2 ./MCAL/TIMER0/TIMER0_prog.o
 .bss.TIMER0_PFunISRfun_CTC
                0x00800208        0x2 ./MCAL/TIMER0/TIMER0_prog.o
 .bss.TIMER0_PvidISRparameter_CTC
                0x0080020a        0x2 ./MCAL/TIMER0/TIMER0_prog.o
 .bss.TIMER0_PRELOAD
                0x0080020c        0x1 ./MCAL/TIMER0/TIMER0_prog.o
                0x0080020c                TIMER0_PRELOAD
 .bss.TIMER0_NUM_OVF
                0x0080020d        0x4 ./MCAL/TIMER0/TIMER0_prog.o
                0x0080020d                TIMER0_NUM_OVF
 .bss.TIMER0_f32OC0Value
                0x00800211        0x4 ./MCAL/TIMER0/TIMER0_prog.o
                0x00800211                TIMER0_f32OC0Value
 .bss.Local_u32Counter.1409
                0x00800215        0x4 ./MCAL/TIMER0/TIMER0_prog.o
 .bss.SPI_PappFunc
                0x00800219        0x2 ./MCAL/SPI/SPI_prog.o
 .bss.SPI_PappParameter
                0x0080021b        0x2 ./MCAL/SPI/SPI_prog.o
 .bss.EXTI_APFunc
                0x0080021d        0x6 ./MCAL/EXTI/EXTI_prog.o
 .bss.EXTI_APvidGenericParameters
                0x00800223        0x6 ./MCAL/EXTI/EXTI_prog.o
 .bss.ADC_PFuncISRFunc
                0x00800229        0x2 ./MCAL/ADC/ADC_prog.o
 .bss.ADC_PvidISRParameter
                0x0080022b        0x2 ./MCAL/ADC/ADC_prog.o
 .bss.LDR_Config
                0x0080022d        0x2 ./HAL/LDR/LDR_Config.o
                0x0080022d                LDR_Config
 .bss.LCD_u8PosCounter
                0x0080022f        0x1 ./HAL/LCD/LCD_prog.o
 *(COMMON)
                0x00800230                PROVIDE (__bss_end, .)
                0x0000825a                __data_load_start = LOADADDR (.data)
                0x000083f8                __data_load_end = (__data_load_start + SIZEOF (.data))

.noinit         0x00800230        0x0
                0x00800230                PROVIDE (__noinit_start, .)
 *(.noinit*)
                0x00800230                PROVIDE (__noinit_end, .)
                0x00800230                _end = .
                0x00800230                PROVIDE (__heap_start, .)

.eeprom         0x00810000        0x0
 *(.eeprom*)
                0x00810000                __eeprom_end = .

.fuse
 *(.fuse)
 *(.lfuse)
 *(.hfuse)
 *(.efuse)

.lock
 *(.lock*)

.signature
 *(.signature*)

.stab           0x00000000     0x91f8
 *(.stab)
 .stab          0x00000000      0x714 ./MCAL/USART/USART_prog.o
 .stab          0x00000714      0xc30 ./MCAL/TIMER1/TIMER1_prog.o
                                0xc3c (size before relaxing)
 .stab          0x00001344      0xa2c ./MCAL/TIMER0/TIMER0_prog.o
                                0xa38 (size before relaxing)
 .stab          0x00001d70      0x570 ./MCAL/SPI/SPI_prog.o
                                0x57c (size before relaxing)
 .stab          0x000022e0      0x75c ./MCAL/I2C/I2C_Prog.o
                                0x768 (size before relaxing)
 .stab          0x00002a3c      0x2a0 ./MCAL/GIE/GIE_prog.o
                                0x2ac (size before relaxing)
 .stab          0x00002cdc      0x234 ./MCAL/EXTI/EXTI_config.o
                                0x240 (size before relaxing)
 .stab          0x00002f10      0x870 ./MCAL/EXTI/EXTI_prog.o
                                0x99c (size before relaxing)
 .stab          0x00003780      0x9d8 ./MCAL/DIO/DIO_prog.o
                                0x9e4 (size before relaxing)
 .stab          0x00004158      0xa98 ./MCAL/ADC/ADC_prog.o
                                0xaa4 (size before relaxing)
 .stab          0x00004bf0      0x1ec ./HAL/SWITCH/Switch_config.o
                                0x1f8 (size before relaxing)
 .stab          0x00004ddc      0x3cc ./HAL/SWITCH/Switch_prog.o
                                0x3f0 (size before relaxing)
 .stab          0x000051a8      0x1f8 ./HAL/SEVEN_SEG/Seven_Segment_config.o
                                0x204 (size before relaxing)
 .stab          0x000053a0      0x9f0 ./HAL/SEVEN_SEG/Seven_Segment_prog.o
                                0xa14 (size before relaxing)
 .stab          0x00005d90      0x1ec ./HAL/LED/LED_config.o
                                0x1f8 (size before relaxing)
 .stab          0x00005f7c      0x4b0 ./HAL/LED/LED_prog.o
                                0x4d4 (size before relaxing)
 .stab          0x0000642c      0x204 ./HAL/LDR/LDR_Config.o
                                0x210 (size before relaxing)
 .stab          0x00006630      0x30c ./HAL/LDR/LDR_Prog.o
                                0x318 (size before relaxing)
 .stab          0x0000693c     0x165c ./HAL/LCD/LCD_prog.o
                               0x1668 (size before relaxing)
 .stab          0x00007f98      0x450 ./HAL/KEYPAD/KEYPAD_prog.o
                                0x45c (size before relaxing)
 .stab          0x000083e8      0x204 ./HAL/DC_MOTOR/DC_MOTOR_config.o
                                0x210 (size before relaxing)
 .stab          0x000085ec      0x540 ./HAL/DC_MOTOR/DC_MOTOR_prog.o
                                0x57c (size before relaxing)
 .stab          0x00008b2c      0x1ec ./HAL/BUZZER/BUZZER_config.o
                                0x1f8 (size before relaxing)
 .stab          0x00008d18      0x3f0 ./HAL/BUZZER/BUZZER_prog.o
                                0x414 (size before relaxing)
 .stab          0x00009108       0xf0 ./main.o
                                 0xfc (size before relaxing)

.stabstr        0x00000000     0x3c96
 *(.stabstr)
 .stabstr       0x00000000     0x3c96 ./MCAL/USART/USART_prog.o

.stab.excl
 *(.stab.excl)

.stab.exclstr
 *(.stab.exclstr)

.stab.index
 *(.stab.index)

.stab.indexstr
 *(.stab.indexstr)

.comment
 *(.comment)

.debug
 *(.debug)

.line
 *(.line)

.debug_srcinfo
 *(.debug_srcinfo)

.debug_sfnames
 *(.debug_sfnames)

.debug_aranges  0x00000000      0x1c0
 *(.debug_aranges)
 .debug_aranges
                0x00000000       0x20 d:/courses/avr/tools/imt_sdk_win_64/winavr/bin/../lib/gcc/avr/4.3.3/avr5\libgcc.a(_fixunssfsi.o)
 .debug_aranges
                0x00000020       0x20 d:/courses/avr/tools/imt_sdk_win_64/winavr/bin/../lib/gcc/avr/4.3.3/avr5\libgcc.a(_addsub_sf.o)
 .debug_aranges
                0x00000040       0x20 d:/courses/avr/tools/imt_sdk_win_64/winavr/bin/../lib/gcc/avr/4.3.3/avr5\libgcc.a(_mul_sf.o)
 .debug_aranges
                0x00000060       0x20 d:/courses/avr/tools/imt_sdk_win_64/winavr/bin/../lib/gcc/avr/4.3.3/avr5\libgcc.a(_div_sf.o)
 .debug_aranges
                0x00000080       0x20 d:/courses/avr/tools/imt_sdk_win_64/winavr/bin/../lib/gcc/avr/4.3.3/avr5\libgcc.a(_ne_sf.o)
 .debug_aranges
                0x000000a0       0x20 d:/courses/avr/tools/imt_sdk_win_64/winavr/bin/../lib/gcc/avr/4.3.3/avr5\libgcc.a(_gt_sf.o)
 .debug_aranges
                0x000000c0       0x20 d:/courses/avr/tools/imt_sdk_win_64/winavr/bin/../lib/gcc/avr/4.3.3/avr5\libgcc.a(_ge_sf.o)
 .debug_aranges
                0x000000e0       0x20 d:/courses/avr/tools/imt_sdk_win_64/winavr/bin/../lib/gcc/avr/4.3.3/avr5\libgcc.a(_lt_sf.o)
 .debug_aranges
                0x00000100       0x20 d:/courses/avr/tools/imt_sdk_win_64/winavr/bin/../lib/gcc/avr/4.3.3/avr5\libgcc.a(_sf_to_si.o)
 .debug_aranges
                0x00000120       0x20 d:/courses/avr/tools/imt_sdk_win_64/winavr/bin/../lib/gcc/avr/4.3.3/avr5\libgcc.a(_usi_to_sf.o)
 .debug_aranges
                0x00000140       0x20 d:/courses/avr/tools/imt_sdk_win_64/winavr/bin/../lib/gcc/avr/4.3.3/avr5\libgcc.a(_clzsi2.o)
 .debug_aranges
                0x00000160       0x20 d:/courses/avr/tools/imt_sdk_win_64/winavr/bin/../lib/gcc/avr/4.3.3/avr5\libgcc.a(_pack_sf.o)
 .debug_aranges
                0x00000180       0x20 d:/courses/avr/tools/imt_sdk_win_64/winavr/bin/../lib/gcc/avr/4.3.3/avr5\libgcc.a(_unpack_sf.o)
 .debug_aranges
                0x000001a0       0x20 d:/courses/avr/tools/imt_sdk_win_64/winavr/bin/../lib/gcc/avr/4.3.3/avr5\libgcc.a(_fpcmp_parts_sf.o)

.debug_pubnames
                0x00000000      0x210
 *(.debug_pubnames)
 .debug_pubnames
                0x00000000       0x23 d:/courses/avr/tools/imt_sdk_win_64/winavr/bin/../lib/gcc/avr/4.3.3/avr5\libgcc.a(_fixunssfsi.o)
 .debug_pubnames
                0x00000023       0x2c d:/courses/avr/tools/imt_sdk_win_64/winavr/bin/../lib/gcc/avr/4.3.3/avr5\libgcc.a(_addsub_sf.o)
 .debug_pubnames
                0x0000004f       0x1f d:/courses/avr/tools/imt_sdk_win_64/winavr/bin/../lib/gcc/avr/4.3.3/avr5\libgcc.a(_mul_sf.o)
 .debug_pubnames
                0x0000006e       0x1f d:/courses/avr/tools/imt_sdk_win_64/winavr/bin/../lib/gcc/avr/4.3.3/avr5\libgcc.a(_div_sf.o)
 .debug_pubnames
                0x0000008d       0x1e d:/courses/avr/tools/imt_sdk_win_64/winavr/bin/../lib/gcc/avr/4.3.3/avr5\libgcc.a(_ne_sf.o)
 .debug_pubnames
                0x000000ab       0x1e d:/courses/avr/tools/imt_sdk_win_64/winavr/bin/../lib/gcc/avr/4.3.3/avr5\libgcc.a(_gt_sf.o)
 .debug_pubnames
                0x000000c9       0x1e d:/courses/avr/tools/imt_sdk_win_64/winavr/bin/../lib/gcc/avr/4.3.3/avr5\libgcc.a(_ge_sf.o)
 .debug_pubnames
                0x000000e7       0x1e d:/courses/avr/tools/imt_sdk_win_64/winavr/bin/../lib/gcc/avr/4.3.3/avr5\libgcc.a(_lt_sf.o)
 .debug_pubnames
                0x00000105       0x20 d:/courses/avr/tools/imt_sdk_win_64/winavr/bin/../lib/gcc/avr/4.3.3/avr5\libgcc.a(_sf_to_si.o)
 .debug_pubnames
                0x00000125       0x22 d:/courses/avr/tools/imt_sdk_win_64/winavr/bin/../lib/gcc/avr/4.3.3/avr5\libgcc.a(_thenan_sf.o)
 .debug_pubnames
                0x00000147       0x24 d:/courses/avr/tools/imt_sdk_win_64/winavr/bin/../lib/gcc/avr/4.3.3/avr5\libgcc.a(_usi_to_sf.o)
 .debug_pubnames
                0x0000016b       0x1f d:/courses/avr/tools/imt_sdk_win_64/winavr/bin/../lib/gcc/avr/4.3.3/avr5\libgcc.a(_clzsi2.o)
 .debug_pubnames
                0x0000018a       0x1f d:/courses/avr/tools/imt_sdk_win_64/winavr/bin/../lib/gcc/avr/4.3.3/avr5\libgcc.a(_pack_sf.o)
 .debug_pubnames
                0x000001a9       0x21 d:/courses/avr/tools/imt_sdk_win_64/winavr/bin/../lib/gcc/avr/4.3.3/avr5\libgcc.a(_unpack_sf.o)
 .debug_pubnames
                0x000001ca       0x26 d:/courses/avr/tools/imt_sdk_win_64/winavr/bin/../lib/gcc/avr/4.3.3/avr5\libgcc.a(_fpcmp_parts_sf.o)
 .debug_pubnames
                0x000001f0       0x20 d:/courses/avr/tools/imt_sdk_win_64/winavr/bin/../lib/gcc/avr/4.3.3/avr5\libgcc.a(_clz.o)

.debug_info     0x00000000     0x268a
 *(.debug_info)
 .debug_info    0x00000000       0xb1 d:/courses/avr/tools/imt_sdk_win_64/winavr/bin/../lib/gcc/avr/4.3.3/avr5\libgcc.a(_fixunssfsi.o)
 .debug_info    0x000000b1      0x47a d:/courses/avr/tools/imt_sdk_win_64/winavr/bin/../lib/gcc/avr/4.3.3/avr5\libgcc.a(_addsub_sf.o)
 .debug_info    0x0000052b      0x485 d:/courses/avr/tools/imt_sdk_win_64/winavr/bin/../lib/gcc/avr/4.3.3/avr5\libgcc.a(_mul_sf.o)
 .debug_info    0x000009b0      0x3fc d:/courses/avr/tools/imt_sdk_win_64/winavr/bin/../lib/gcc/avr/4.3.3/avr5\libgcc.a(_div_sf.o)
 .debug_info    0x00000dac      0x27f d:/courses/avr/tools/imt_sdk_win_64/winavr/bin/../lib/gcc/avr/4.3.3/avr5\libgcc.a(_ne_sf.o)
 .debug_info    0x0000102b      0x27f d:/courses/avr/tools/imt_sdk_win_64/winavr/bin/../lib/gcc/avr/4.3.3/avr5\libgcc.a(_gt_sf.o)
 .debug_info    0x000012aa      0x27f d:/courses/avr/tools/imt_sdk_win_64/winavr/bin/../lib/gcc/avr/4.3.3/avr5\libgcc.a(_ge_sf.o)
 .debug_info    0x00001529      0x27f d:/courses/avr/tools/imt_sdk_win_64/winavr/bin/../lib/gcc/avr/4.3.3/avr5\libgcc.a(_lt_sf.o)
 .debug_info    0x000017a8      0x2b0 d:/courses/avr/tools/imt_sdk_win_64/winavr/bin/../lib/gcc/avr/4.3.3/avr5\libgcc.a(_sf_to_si.o)
 .debug_info    0x00001a58      0x12c d:/courses/avr/tools/imt_sdk_win_64/winavr/bin/../lib/gcc/avr/4.3.3/avr5\libgcc.a(_thenan_sf.o)
 .debug_info    0x00001b84      0x206 d:/courses/avr/tools/imt_sdk_win_64/winavr/bin/../lib/gcc/avr/4.3.3/avr5\libgcc.a(_usi_to_sf.o)
 .debug_info    0x00001d8a      0x117 d:/courses/avr/tools/imt_sdk_win_64/winavr/bin/../lib/gcc/avr/4.3.3/avr5\libgcc.a(_clzsi2.o)
 .debug_info    0x00001ea1      0x2df d:/courses/avr/tools/imt_sdk_win_64/winavr/bin/../lib/gcc/avr/4.3.3/avr5\libgcc.a(_pack_sf.o)
 .debug_info    0x00002180      0x251 d:/courses/avr/tools/imt_sdk_win_64/winavr/bin/../lib/gcc/avr/4.3.3/avr5\libgcc.a(_unpack_sf.o)
 .debug_info    0x000023d1      0x210 d:/courses/avr/tools/imt_sdk_win_64/winavr/bin/../lib/gcc/avr/4.3.3/avr5\libgcc.a(_fpcmp_parts_sf.o)
 .debug_info    0x000025e1       0xa9 d:/courses/avr/tools/imt_sdk_win_64/winavr/bin/../lib/gcc/avr/4.3.3/avr5\libgcc.a(_clz.o)
 *(.gnu.linkonce.wi.*)

.debug_abbrev   0x00000000     0x14e0
 *(.debug_abbrev)
 .debug_abbrev  0x00000000       0x5d d:/courses/avr/tools/imt_sdk_win_64/winavr/bin/../lib/gcc/avr/4.3.3/avr5\libgcc.a(_fixunssfsi.o)
 .debug_abbrev  0x0000005d      0x1ea d:/courses/avr/tools/imt_sdk_win_64/winavr/bin/../lib/gcc/avr/4.3.3/avr5\libgcc.a(_addsub_sf.o)
 .debug_abbrev  0x00000247      0x21b d:/courses/avr/tools/imt_sdk_win_64/winavr/bin/../lib/gcc/avr/4.3.3/avr5\libgcc.a(_mul_sf.o)
 .debug_abbrev  0x00000462      0x216 d:/courses/avr/tools/imt_sdk_win_64/winavr/bin/../lib/gcc/avr/4.3.3/avr5\libgcc.a(_div_sf.o)
 .debug_abbrev  0x00000678      0x15a d:/courses/avr/tools/imt_sdk_win_64/winavr/bin/../lib/gcc/avr/4.3.3/avr5\libgcc.a(_ne_sf.o)
 .debug_abbrev  0x000007d2      0x15a d:/courses/avr/tools/imt_sdk_win_64/winavr/bin/../lib/gcc/avr/4.3.3/avr5\libgcc.a(_gt_sf.o)
 .debug_abbrev  0x0000092c      0x15a d:/courses/avr/tools/imt_sdk_win_64/winavr/bin/../lib/gcc/avr/4.3.3/avr5\libgcc.a(_ge_sf.o)
 .debug_abbrev  0x00000a86      0x15a d:/courses/avr/tools/imt_sdk_win_64/winavr/bin/../lib/gcc/avr/4.3.3/avr5\libgcc.a(_lt_sf.o)
 .debug_abbrev  0x00000be0      0x17f d:/courses/avr/tools/imt_sdk_win_64/winavr/bin/../lib/gcc/avr/4.3.3/avr5\libgcc.a(_sf_to_si.o)
 .debug_abbrev  0x00000d5f       0xad d:/courses/avr/tools/imt_sdk_win_64/winavr/bin/../lib/gcc/avr/4.3.3/avr5\libgcc.a(_thenan_sf.o)
 .debug_abbrev  0x00000e0c      0x157 d:/courses/avr/tools/imt_sdk_win_64/winavr/bin/../lib/gcc/avr/4.3.3/avr5\libgcc.a(_usi_to_sf.o)
 .debug_abbrev  0x00000f63       0xc4 d:/courses/avr/tools/imt_sdk_win_64/winavr/bin/../lib/gcc/avr/4.3.3/avr5\libgcc.a(_clzsi2.o)
 .debug_abbrev  0x00001027      0x1c0 d:/courses/avr/tools/imt_sdk_win_64/winavr/bin/../lib/gcc/avr/4.3.3/avr5\libgcc.a(_pack_sf.o)
 .debug_abbrev  0x000011e7      0x154 d:/courses/avr/tools/imt_sdk_win_64/winavr/bin/../lib/gcc/avr/4.3.3/avr5\libgcc.a(_unpack_sf.o)
 .debug_abbrev  0x0000133b      0x13b d:/courses/avr/tools/imt_sdk_win_64/winavr/bin/../lib/gcc/avr/4.3.3/avr5\libgcc.a(_fpcmp_parts_sf.o)
 .debug_abbrev  0x00001476       0x6a d:/courses/avr/tools/imt_sdk_win_64/winavr/bin/../lib/gcc/avr/4.3.3/avr5\libgcc.a(_clz.o)

.debug_line     0x00000000     0x12a9
 *(.debug_line)
 .debug_line    0x00000000       0xa7 d:/courses/avr/tools/imt_sdk_win_64/winavr/bin/../lib/gcc/avr/4.3.3/avr5\libgcc.a(_fixunssfsi.o)
 .debug_line    0x000000a7      0x2af d:/courses/avr/tools/imt_sdk_win_64/winavr/bin/../lib/gcc/avr/4.3.3/avr5\libgcc.a(_addsub_sf.o)
 .debug_line    0x00000356      0x239 d:/courses/avr/tools/imt_sdk_win_64/winavr/bin/../lib/gcc/avr/4.3.3/avr5\libgcc.a(_mul_sf.o)
 .debug_line    0x0000058f      0x1d5 d:/courses/avr/tools/imt_sdk_win_64/winavr/bin/../lib/gcc/avr/4.3.3/avr5\libgcc.a(_div_sf.o)
 .debug_line    0x00000764       0xd3 d:/courses/avr/tools/imt_sdk_win_64/winavr/bin/../lib/gcc/avr/4.3.3/avr5\libgcc.a(_ne_sf.o)
 .debug_line    0x00000837       0xd3 d:/courses/avr/tools/imt_sdk_win_64/winavr/bin/../lib/gcc/avr/4.3.3/avr5\libgcc.a(_gt_sf.o)
 .debug_line    0x0000090a       0xd3 d:/courses/avr/tools/imt_sdk_win_64/winavr/bin/../lib/gcc/avr/4.3.3/avr5\libgcc.a(_ge_sf.o)
 .debug_line    0x000009dd       0xd3 d:/courses/avr/tools/imt_sdk_win_64/winavr/bin/../lib/gcc/avr/4.3.3/avr5\libgcc.a(_lt_sf.o)
 .debug_line    0x00000ab0      0x109 d:/courses/avr/tools/imt_sdk_win_64/winavr/bin/../lib/gcc/avr/4.3.3/avr5\libgcc.a(_sf_to_si.o)
 .debug_line    0x00000bb9       0x90 d:/courses/avr/tools/imt_sdk_win_64/winavr/bin/../lib/gcc/avr/4.3.3/avr5\libgcc.a(_thenan_sf.o)
 .debug_line    0x00000c49      0x133 d:/courses/avr/tools/imt_sdk_win_64/winavr/bin/../lib/gcc/avr/4.3.3/avr5\libgcc.a(_usi_to_sf.o)
 .debug_line    0x00000d7c       0xa5 d:/courses/avr/tools/imt_sdk_win_64/winavr/bin/../lib/gcc/avr/4.3.3/avr5\libgcc.a(_clzsi2.o)
 .debug_line    0x00000e21      0x18a d:/courses/avr/tools/imt_sdk_win_64/winavr/bin/../lib/gcc/avr/4.3.3/avr5\libgcc.a(_pack_sf.o)
 .debug_line    0x00000fab      0x14b d:/courses/avr/tools/imt_sdk_win_64/winavr/bin/../lib/gcc/avr/4.3.3/avr5\libgcc.a(_unpack_sf.o)
 .debug_line    0x000010f6      0x137 d:/courses/avr/tools/imt_sdk_win_64/winavr/bin/../lib/gcc/avr/4.3.3/avr5\libgcc.a(_fpcmp_parts_sf.o)
 .debug_line    0x0000122d       0x7c d:/courses/avr/tools/imt_sdk_win_64/winavr/bin/../lib/gcc/avr/4.3.3/avr5\libgcc.a(_clz.o)

.debug_frame    0x00000000      0x1e0
 *(.debug_frame)
 .debug_frame   0x00000000       0x20 d:/courses/avr/tools/imt_sdk_win_64/winavr/bin/../lib/gcc/avr/4.3.3/avr5\libgcc.a(_fixunssfsi.o)
 .debug_frame   0x00000020       0x40 d:/courses/avr/tools/imt_sdk_win_64/winavr/bin/../lib/gcc/avr/4.3.3/avr5\libgcc.a(_addsub_sf.o)
 .debug_frame   0x00000060       0x20 d:/courses/avr/tools/imt_sdk_win_64/winavr/bin/../lib/gcc/avr/4.3.3/avr5\libgcc.a(_mul_sf.o)
 .debug_frame   0x00000080       0x20 d:/courses/avr/tools/imt_sdk_win_64/winavr/bin/../lib/gcc/avr/4.3.3/avr5\libgcc.a(_div_sf.o)
 .debug_frame   0x000000a0       0x20 d:/courses/avr/tools/imt_sdk_win_64/winavr/bin/../lib/gcc/avr/4.3.3/avr5\libgcc.a(_ne_sf.o)
 .debug_frame   0x000000c0       0x20 d:/courses/avr/tools/imt_sdk_win_64/winavr/bin/../lib/gcc/avr/4.3.3/avr5\libgcc.a(_gt_sf.o)
 .debug_frame   0x000000e0       0x20 d:/courses/avr/tools/imt_sdk_win_64/winavr/bin/../lib/gcc/avr/4.3.3/avr5\libgcc.a(_ge_sf.o)
 .debug_frame   0x00000100       0x20 d:/courses/avr/tools/imt_sdk_win_64/winavr/bin/../lib/gcc/avr/4.3.3/avr5\libgcc.a(_lt_sf.o)
 .debug_frame   0x00000120       0x20 d:/courses/avr/tools/imt_sdk_win_64/winavr/bin/../lib/gcc/avr/4.3.3/avr5\libgcc.a(_sf_to_si.o)
 .debug_frame   0x00000140       0x20 d:/courses/avr/tools/imt_sdk_win_64/winavr/bin/../lib/gcc/avr/4.3.3/avr5\libgcc.a(_usi_to_sf.o)
 .debug_frame   0x00000160       0x20 d:/courses/avr/tools/imt_sdk_win_64/winavr/bin/../lib/gcc/avr/4.3.3/avr5\libgcc.a(_clzsi2.o)
 .debug_frame   0x00000180       0x20 d:/courses/avr/tools/imt_sdk_win_64/winavr/bin/../lib/gcc/avr/4.3.3/avr5\libgcc.a(_pack_sf.o)
 .debug_frame   0x000001a0       0x20 d:/courses/avr/tools/imt_sdk_win_64/winavr/bin/../lib/gcc/avr/4.3.3/avr5\libgcc.a(_unpack_sf.o)
 .debug_frame   0x000001c0       0x20 d:/courses/avr/tools/imt_sdk_win_64/winavr/bin/../lib/gcc/avr/4.3.3/avr5\libgcc.a(_fpcmp_parts_sf.o)

.debug_str      0x00000000      0x2fe
 *(.debug_str)
 .debug_str     0x00000000       0xbf d:/courses/avr/tools/imt_sdk_win_64/winavr/bin/../lib/gcc/avr/4.3.3/avr5\libgcc.a(_fixunssfsi.o)
                                 0xfe (size before relaxing)
 .debug_str     0x000000bf      0x14d d:/courses/avr/tools/imt_sdk_win_64/winavr/bin/../lib/gcc/avr/4.3.3/avr5\libgcc.a(_addsub_sf.o)
                                0x206 (size before relaxing)
 .debug_str     0x0000020c       0x27 d:/courses/avr/tools/imt_sdk_win_64/winavr/bin/../lib/gcc/avr/4.3.3/avr5\libgcc.a(_mul_sf.o)
                                0x1bf (size before relaxing)
 .debug_str     0x00000233       0x35 d:/courses/avr/tools/imt_sdk_win_64/winavr/bin/../lib/gcc/avr/4.3.3/avr5\libgcc.a(_div_sf.o)
                                0x1c8 (size before relaxing)
 .debug_str     0x00000268        0x8 d:/courses/avr/tools/imt_sdk_win_64/winavr/bin/../lib/gcc/avr/4.3.3/avr5\libgcc.a(_ne_sf.o)
                                0x195 (size before relaxing)
 .debug_str     0x00000270        0x8 d:/courses/avr/tools/imt_sdk_win_64/winavr/bin/../lib/gcc/avr/4.3.3/avr5\libgcc.a(_gt_sf.o)
                                0x195 (size before relaxing)
 .debug_str     0x00000278        0x8 d:/courses/avr/tools/imt_sdk_win_64/winavr/bin/../lib/gcc/avr/4.3.3/avr5\libgcc.a(_ge_sf.o)
                                0x195 (size before relaxing)
 .debug_str     0x00000280        0x8 d:/courses/avr/tools/imt_sdk_win_64/winavr/bin/../lib/gcc/avr/4.3.3/avr5\libgcc.a(_lt_sf.o)
                                0x195 (size before relaxing)
 .debug_str     0x00000288        0xa d:/courses/avr/tools/imt_sdk_win_64/winavr/bin/../lib/gcc/avr/4.3.3/avr5\libgcc.a(_sf_to_si.o)
                                0x19e (size before relaxing)
 .debug_str     0x00000000      0x103 d:/courses/avr/tools/imt_sdk_win_64/winavr/bin/../lib/gcc/avr/4.3.3/avr5\libgcc.a(_thenan_sf.o)
 .debug_str     0x00000292       0x21 d:/courses/avr/tools/imt_sdk_win_64/winavr/bin/../lib/gcc/avr/4.3.3/avr5\libgcc.a(_usi_to_sf.o)
                                0x177 (size before relaxing)
 .debug_str     0x000002b3       0x20 d:/courses/avr/tools/imt_sdk_win_64/winavr/bin/../lib/gcc/avr/4.3.3/avr5\libgcc.a(_clzsi2.o)
                                0x111 (size before relaxing)
 .debug_str     0x000002d3       0x10 d:/courses/avr/tools/imt_sdk_win_64/winavr/bin/../lib/gcc/avr/4.3.3/avr5\libgcc.a(_pack_sf.o)
                                0x19d (size before relaxing)
 .debug_str     0x000002e3        0xb d:/courses/avr/tools/imt_sdk_win_64/winavr/bin/../lib/gcc/avr/4.3.3/avr5\libgcc.a(_unpack_sf.o)
                                0x17f (size before relaxing)
 .debug_str     0x000002ee       0x10 d:/courses/avr/tools/imt_sdk_win_64/winavr/bin/../lib/gcc/avr/4.3.3/avr5\libgcc.a(_fpcmp_parts_sf.o)
                                0x163 (size before relaxing)
 .debug_str     0x00000000       0xf4 d:/courses/avr/tools/imt_sdk_win_64/winavr/bin/../lib/gcc/avr/4.3.3/avr5\libgcc.a(_clz.o)

.debug_loc      0x00000000      0x9aa
 *(.debug_loc)
 .debug_loc     0x00000000       0x34 d:/courses/avr/tools/imt_sdk_win_64/winavr/bin/../lib/gcc/avr/4.3.3/avr5\libgcc.a(_fixunssfsi.o)
 .debug_loc     0x00000034      0x32a d:/courses/avr/tools/imt_sdk_win_64/winavr/bin/../lib/gcc/avr/4.3.3/avr5\libgcc.a(_addsub_sf.o)
 .debug_loc     0x0000035e      0x104 d:/courses/avr/tools/imt_sdk_win_64/winavr/bin/../lib/gcc/avr/4.3.3/avr5\libgcc.a(_mul_sf.o)
 .debug_loc     0x00000462       0xc0 d:/courses/avr/tools/imt_sdk_win_64/winavr/bin/../lib/gcc/avr/4.3.3/avr5\libgcc.a(_div_sf.o)
 .debug_loc     0x00000522       0x3c d:/courses/avr/tools/imt_sdk_win_64/winavr/bin/../lib/gcc/avr/4.3.3/avr5\libgcc.a(_ne_sf.o)
 .debug_loc     0x0000055e       0x3c d:/courses/avr/tools/imt_sdk_win_64/winavr/bin/../lib/gcc/avr/4.3.3/avr5\libgcc.a(_gt_sf.o)
 .debug_loc     0x0000059a       0x3c d:/courses/avr/tools/imt_sdk_win_64/winavr/bin/../lib/gcc/avr/4.3.3/avr5\libgcc.a(_ge_sf.o)
 .debug_loc     0x000005d6       0x3c d:/courses/avr/tools/imt_sdk_win_64/winavr/bin/../lib/gcc/avr/4.3.3/avr5\libgcc.a(_lt_sf.o)
 .debug_loc     0x00000612       0x7e d:/courses/avr/tools/imt_sdk_win_64/winavr/bin/../lib/gcc/avr/4.3.3/avr5\libgcc.a(_sf_to_si.o)
 .debug_loc     0x00000690       0x4c d:/courses/avr/tools/imt_sdk_win_64/winavr/bin/../lib/gcc/avr/4.3.3/avr5\libgcc.a(_usi_to_sf.o)
 .debug_loc     0x000006dc       0x94 d:/courses/avr/tools/imt_sdk_win_64/winavr/bin/../lib/gcc/avr/4.3.3/avr5\libgcc.a(_clzsi2.o)
 .debug_loc     0x00000770      0x13e d:/courses/avr/tools/imt_sdk_win_64/winavr/bin/../lib/gcc/avr/4.3.3/avr5\libgcc.a(_pack_sf.o)
 .debug_loc     0x000008ae       0xac d:/courses/avr/tools/imt_sdk_win_64/winavr/bin/../lib/gcc/avr/4.3.3/avr5\libgcc.a(_unpack_sf.o)
 .debug_loc     0x0000095a       0x50 d:/courses/avr/tools/imt_sdk_win_64/winavr/bin/../lib/gcc/avr/4.3.3/avr5\libgcc.a(_fpcmp_parts_sf.o)

.debug_macinfo
 *(.debug_macinfo)
OUTPUT(Automated_Greenhouse_Monitoring_System.elf elf32-avr)
LOAD linker stubs

.debug_ranges   0x00000000       0x50
 .debug_ranges  0x00000000       0x50 d:/courses/avr/tools/imt_sdk_win_64/winavr/bin/../lib/gcc/avr/4.3.3/avr5\libgcc.a(_mul_sf.o)
